Archive member included to satisfy reference by file (symbol)

/opt/homebrew/Cellar/arm-gcc-bin@8/8-2019-q3-update_1/bin/../lib/gcc/arm-none-eabi/8.3.1/thumb/v7e-m+fp/hard/libgcc.a(_arm_addsubdf3.o)
                              .build/obj_massdrop_ctrl_default/protocol/arm_atsam/main_arm_atsam.o (__aeabi_dadd)
/opt/homebrew/Cellar/arm-gcc-bin@8/8-2019-q3-update_1/bin/../lib/gcc/arm-none-eabi/8.3.1/thumb/v7e-m+fp/hard/libgcc.a(_arm_muldivdf3.o)
                              .build/obj_massdrop_ctrl_default/protocol/arm_atsam/main_arm_atsam.o (__aeabi_dmul)
/opt/homebrew/Cellar/arm-gcc-bin@8/8-2019-q3-update_1/bin/../lib/gcc/arm-none-eabi/8.3.1/thumb/v7e-m+fp/hard/libgcc.a(_arm_fixunsdfsi.o)
                              .build/obj_massdrop_ctrl_default/protocol/arm_atsam/main_arm_atsam.o (__aeabi_d2uiz)
/opt/homebrew/Cellar/arm-gcc-bin@8/8-2019-q3-update_1/bin/../lib/gcc/arm-none-eabi/8.3.1/thumb/v7e-m+fp/hard/libgcc.a(_aeabi_ldivmod.o)
                              .build/obj_massdrop_ctrl_default/protocol/arm_atsam/usb/usb_util.o (__aeabi_ldivmod)
/opt/homebrew/Cellar/arm-gcc-bin@8/8-2019-q3-update_1/bin/../lib/gcc/arm-none-eabi/8.3.1/thumb/v7e-m+fp/hard/libgcc.a(_aeabi_uldivmod.o)
                              .build/obj_massdrop_ctrl_default/protocol/arm_atsam/usb/usb_hub.o (__aeabi_uldivmod)
/opt/homebrew/Cellar/arm-gcc-bin@8/8-2019-q3-update_1/bin/../lib/gcc/arm-none-eabi/8.3.1/thumb/v7e-m+fp/hard/libgcc.a(_udivmoddi4.o)
                              /opt/homebrew/Cellar/arm-gcc-bin@8/8-2019-q3-update_1/bin/../lib/gcc/arm-none-eabi/8.3.1/thumb/v7e-m+fp/hard/libgcc.a(_aeabi_ldivmod.o) (__udivmoddi4)
/opt/homebrew/Cellar/arm-gcc-bin@8/8-2019-q3-update_1/bin/../lib/gcc/arm-none-eabi/8.3.1/thumb/v7e-m+fp/hard/libgcc.a(_dvmd_tls.o)
                              /opt/homebrew/Cellar/arm-gcc-bin@8/8-2019-q3-update_1/bin/../lib/gcc/arm-none-eabi/8.3.1/thumb/v7e-m+fp/hard/libgcc.a(_aeabi_ldivmod.o) (__aeabi_ldiv0)
/opt/homebrew/Cellar/arm-gcc-bin@8/8-2019-q3-update_1/bin/../lib/gcc/arm-none-eabi/8.3.1/../../../../arm-none-eabi/lib/thumb/v7e-m+fp/hard/libg.a(lib_a-ctype_.o)
                              .build/obj_massdrop_ctrl_default/quantum/send_string.o (_ctype_)
/opt/homebrew/Cellar/arm-gcc-bin@8/8-2019-q3-update_1/bin/../lib/gcc/arm-none-eabi/8.3.1/../../../../arm-none-eabi/lib/thumb/v7e-m+fp/hard/libg.a(lib_a-exit.o)
                              /opt/homebrew/Cellar/arm-gcc-bin@8/8-2019-q3-update_1/bin/../lib/gcc/arm-none-eabi/8.3.1/../../../../arm-none-eabi/lib/thumb/v7e-m+fp/hard/rdimon-crt0.o (exit)
/opt/homebrew/Cellar/arm-gcc-bin@8/8-2019-q3-update_1/bin/../lib/gcc/arm-none-eabi/8.3.1/../../../../arm-none-eabi/lib/thumb/v7e-m+fp/hard/libg.a(lib_a-impure.o)
                              /opt/homebrew/Cellar/arm-gcc-bin@8/8-2019-q3-update_1/bin/../lib/gcc/arm-none-eabi/8.3.1/../../../../arm-none-eabi/lib/thumb/v7e-m+fp/hard/libg.a(lib_a-exit.o) (_global_impure_ptr)
/opt/homebrew/Cellar/arm-gcc-bin@8/8-2019-q3-update_1/bin/../lib/gcc/arm-none-eabi/8.3.1/../../../../arm-none-eabi/lib/thumb/v7e-m+fp/hard/libg.a(lib_a-init.o)
                              /opt/homebrew/Cellar/arm-gcc-bin@8/8-2019-q3-update_1/bin/../lib/gcc/arm-none-eabi/8.3.1/../../../../arm-none-eabi/lib/thumb/v7e-m+fp/hard/rdimon-crt0.o (__libc_init_array)
/opt/homebrew/Cellar/arm-gcc-bin@8/8-2019-q3-update_1/bin/../lib/gcc/arm-none-eabi/8.3.1/../../../../arm-none-eabi/lib/thumb/v7e-m+fp/hard/libg.a(lib_a-memcmp.o)
                              .build/obj_massdrop_ctrl_default/quantum/matrix.o (memcmp)
/opt/homebrew/Cellar/arm-gcc-bin@8/8-2019-q3-update_1/bin/../lib/gcc/arm-none-eabi/8.3.1/../../../../arm-none-eabi/lib/thumb/v7e-m+fp/hard/libg.a(lib_a-memcpy.o)
                              .build/obj_massdrop_ctrl_default/quantum/rgb_matrix/rgb_matrix.o (memcpy)
/opt/homebrew/Cellar/arm-gcc-bin@8/8-2019-q3-update_1/bin/../lib/gcc/arm-none-eabi/8.3.1/../../../../arm-none-eabi/lib/thumb/v7e-m+fp/hard/libg.a(lib_a-memset.o)
                              /opt/homebrew/Cellar/arm-gcc-bin@8/8-2019-q3-update_1/bin/../lib/gcc/arm-none-eabi/8.3.1/../../../../arm-none-eabi/lib/thumb/v7e-m+fp/hard/rdimon-crt0.o (memset)
/opt/homebrew/Cellar/arm-gcc-bin@8/8-2019-q3-update_1/bin/../lib/gcc/arm-none-eabi/8.3.1/../../../../arm-none-eabi/lib/thumb/v7e-m+fp/hard/libg.a(lib_a-rand.o)
                              .build/obj_massdrop_ctrl_default/quantum/send_string.o (rand)
/opt/homebrew/Cellar/arm-gcc-bin@8/8-2019-q3-update_1/bin/../lib/gcc/arm-none-eabi/8.3.1/../../../../arm-none-eabi/lib/thumb/v7e-m+fp/hard/libg.a(lib_a-__call_atexit.o)
                              /opt/homebrew/Cellar/arm-gcc-bin@8/8-2019-q3-update_1/bin/../lib/gcc/arm-none-eabi/8.3.1/../../../../arm-none-eabi/lib/thumb/v7e-m+fp/hard/libg.a(lib_a-exit.o) (__call_exitprocs)
/opt/homebrew/Cellar/arm-gcc-bin@8/8-2019-q3-update_1/bin/../lib/gcc/arm-none-eabi/8.3.1/../../../../arm-none-eabi/lib/thumb/v7e-m+fp/hard/libg.a(lib_a-atexit.o)
[...]
Memory Configuration

Name             Origin             Length             Attributes
rom              0x0000000000004000 0x000000000003c000 xr
ram              0x0000000020000000 0x0000000000020000 xrw
bkupram          0x0000000047000000 0x0000000000002000 xrw
qspi             0x0000000004000000 0x0000000001000000 xrw
*default*        0x0000000000000000 0xffffffffffffffff

Linker script and memory map

LOAD /opt/homebrew/Cellar/arm-gcc-bin@8/8-2019-q3-update_1/bin/../lib/gcc/arm-none-eabi/8.3.1/thumb/v7e-m+fp/hard/crti.o
LOAD /opt/homebrew/Cellar/arm-gcc-bin@8/8-2019-q3-update_1/bin/../lib/gcc/arm-none-eabi/8.3.1/thumb/v7e-m+fp/hard/crtbegin.o
LOAD /opt/homebrew/Cellar/arm-gcc-bin@8/8-2019-q3-update_1/bin/../lib/gcc/arm-none-eabi/8.3.1/../../../../arm-none-eabi/lib/thumb/v7e-m+fp/hard/rdimon-crt0.o
LOAD .build/obj_massdrop_ctrl_default/config_led.o
LOAD .build/obj_massdrop_ctrl_default/keyboards/massdrop/ctrl/ctrl.o
LOAD .build/obj_massdrop_ctrl_default/keyboards/massdrop/ctrl/keymaps/default/keymap.o
LOAD .build/obj_massdrop_ctrl_default/quantum/quantum.o
LOAD .build/obj_massdrop_ctrl_default/quantum/send_string.o
LOAD .build/obj_massdrop_ctrl_default/quantum/bitwise.o
LOAD .build/obj_massdrop_ctrl_default/quantum/led.o
LOAD .build/obj_massdrop_ctrl_default/quantum/action.o
LOAD .build/obj_massdrop_ctrl_default/quantum/action_layer.o
LOAD .build/obj_massdrop_ctrl_default/quantum/action_macro.o
LOAD .build/obj_massdrop_ctrl_default/quantum/action_tapping.o
LOAD .build/obj_massdrop_ctrl_default/quantum/action_util.o
LOAD .build/obj_massdrop_ctrl_default/quantum/eeconfig.o
LOAD .build/obj_massdrop_ctrl_default/quantum/keyboard.o
LOAD .build/obj_massdrop_ctrl_default/quantum/keymap_common.o
LOAD .build/obj_massdrop_ctrl_default/quantum/keycode_config.o
LOAD .build/obj_massdrop_ctrl_default/quantum/sync_timer.o
LOAD .build/obj_massdrop_ctrl_default/quantum/logging/debug.o
LOAD .build/obj_massdrop_ctrl_default/quantum/logging/sendchar.o
LOAD .build/obj_massdrop_ctrl_default/quantum/logging/print.o
LOAD .build/obj_massdrop_ctrl_default/quantum/bootmagic/magic.o
LOAD .build/obj_massdrop_ctrl_default/quantum/matrix_common.o
LOAD .build/obj_massdrop_ctrl_default/quantum/matrix.o
LOAD .build/obj_massdrop_ctrl_default/quantum/debounce/sym_defer_g.o
LOAD .build/obj_massdrop_ctrl_default/quantum/main.o
LOAD .build/obj_massdrop_ctrl_default/lib/printf/printf.o
LOAD .build/obj_massdrop_ctrl_default/platforms/arm_atsam/eeprom.o
LOAD .build/obj_massdrop_ctrl_default/quantum/color.o
LOAD .build/obj_massdrop_ctrl_default/quantum/rgb_matrix/rgb_matrix.o
LOAD .build/obj_massdrop_ctrl_default/quantum/rgb_matrix/rgb_matrix_drivers.o
LOAD .build/obj_massdrop_ctrl_default/lib/lib8tion/lib8tion.o
LOAD .build/obj_massdrop_ctrl_default/quantum/process_keycode/process_rgb.o
LOAD .build/obj_massdrop_ctrl_default/quantum/led_tables.o
LOAD .build/obj_massdrop_ctrl_default/quantum/process_keycode/process_magic.o
LOAD .build/obj_massdrop_ctrl_default/quantum/process_keycode/process_grave_esc.o
LOAD .build/obj_massdrop_ctrl_default/quantum/process_keycode/process_space_cadet.o
LOAD .build/obj_massdrop_ctrl_default/protocol/host.o
LOAD .build/obj_massdrop_ctrl_default/protocol/report.o
LOAD .build/obj_massdrop_ctrl_default/protocol/usb_device_state.o
LOAD .build/obj_massdrop_ctrl_default/protocol/usb_util.o
LOAD .build/obj_massdrop_ctrl_default/platforms/arm_atsam/platform.o
LOAD .build/obj_massdrop_ctrl_default/platforms/arm_atsam/suspend.o
LOAD .build/obj_massdrop_ctrl_default/platforms/arm_atsam/timer.o
LOAD .build/obj_massdrop_ctrl_default/platforms/arm_atsam/bootloader.o
LOAD .build/obj_massdrop_ctrl_default/protocol/arm_atsam/adc.o
LOAD .build/obj_massdrop_ctrl_default/protocol/arm_atsam/clks.o
LOAD .build/obj_massdrop_ctrl_default/protocol/arm_atsam/d51_util.o
LOAD .build/obj_massdrop_ctrl_default/protocol/arm_atsam/i2c_master.o
LOAD .build/obj_massdrop_ctrl_default/protocol/arm_atsam/md_rgb_matrix_programs.o
LOAD .build/obj_massdrop_ctrl_default/protocol/arm_atsam/md_rgb_matrix.o
LOAD .build/obj_massdrop_ctrl_default/protocol/arm_atsam/main_arm_atsam.o
LOAD .build/obj_massdrop_ctrl_default/protocol/arm_atsam/shift_register.o
LOAD .build/obj_massdrop_ctrl_default/protocol/arm_atsam/spi_master.o
LOAD .build/obj_massdrop_ctrl_default/protocol/arm_atsam/startup.o
LOAD .build/obj_massdrop_ctrl_default/protocol/arm_atsam/usb/main_usb.o
LOAD .build/obj_massdrop_ctrl_default/protocol/arm_atsam/usb/udc.o
LOAD .build/obj_massdrop_ctrl_default/protocol/arm_atsam/usb/udi_cdc.o
LOAD .build/obj_massdrop_ctrl_default/protocol/arm_atsam/usb/udi_hid.o
LOAD .build/obj_massdrop_ctrl_default/protocol/arm_atsam/usb/udi_hid_kbd.o
LOAD .build/obj_massdrop_ctrl_default/protocol/arm_atsam/usb/udi_hid_kbd_desc.o
LOAD .build/obj_massdrop_ctrl_default/protocol/arm_atsam/usb/ui.o
LOAD .build/obj_massdrop_ctrl_default/protocol/arm_atsam/usb/usb.o
LOAD .build/obj_massdrop_ctrl_default/protocol/arm_atsam/usb/usb_device_udd.o
LOAD .build/obj_massdrop_ctrl_default/protocol/arm_atsam/usb/usb_hub.o
LOAD .build/obj_massdrop_ctrl_default/protocol/arm_atsam/usb/usb_util.o
LOAD .build/obj_massdrop_ctrl_default/drivers/usb2422.o
START GROUP
END GROUP
LOAD /opt/homebrew/Cellar/arm-gcc-bin@8/8-2019-q3-update_1/bin/../lib/gcc/arm-none-eabi/8.3.1/../../../../arm-none-eabi/lib/thumb/v7e-m+fp/hard/libm.a
START GROUP
LOAD /opt/homebrew/Cellar/arm-gcc-bin@8/8-2019-q3-update_1/bin/../lib/gcc/arm-none-eabi/8.3.1/thumb/v7e-m+fp/hard/libgcc.a
LOAD /opt/homebrew/Cellar/arm-gcc-bin@8/8-2019-q3-update_1/bin/../lib/gcc/arm-none-eabi/8.3.1/../../../../arm-none-eabi/lib/thumb/v7e-m+fp/hard/libg.a
LOAD /opt/homebrew/Cellar/arm-gcc-bin@8/8-2019-q3-update_1/bin/../lib/gcc/arm-none-eabi/8.3.1/../../../../arm-none-eabi/lib/thumb/v7e-m+fp/hard/libc.a
END GROUP
START GROUP
LOAD /opt/homebrew/Cellar/arm-gcc-bin@8/8-2019-q3-update_1/bin/../lib/gcc/arm-none-eabi/8.3.1/thumb/v7e-m+fp/hard/libgcc.a
LOAD /opt/homebrew/Cellar/arm-gcc-bin@8/8-2019-q3-update_1/bin/../lib/gcc/arm-none-eabi/8.3.1/../../../../arm-none-eabi/lib/thumb/v7e-m+fp/hard/libc.a
LOAD /opt/homebrew/Cellar/arm-gcc-bin@8/8-2019-q3-update_1/bin/../lib/gcc/arm-none-eabi/8.3.1/../../../../arm-none-eabi/lib/thumb/v7e-m+fp/hard/librdimon.a
END GROUP
LOAD /opt/homebrew/Cellar/arm-gcc-bin@8/8-2019-q3-update_1/bin/../lib/gcc/arm-none-eabi/8.3.1/thumb/v7e-m+fp/hard/crtend.o
LOAD /opt/homebrew/Cellar/arm-gcc-bin@8/8-2019-q3-update_1/bin/../lib/gcc/arm-none-eabi/8.3.1/thumb/v7e-m+fp/hard/crtn.o
                0x0000000000008000                STACK_SIZE = DEFINED (STACK_SIZE)?STACK_SIZE:DEFINED (__stack_size__)?__stack_size__:0x8000
                0x0000000000000800                HEAP_SIZE = DEFINED (HEAP_SIZE)?HEAP_SIZE:DEFINED (__heap_size__)?__heap_size__:0x800
                0x0000000000004000                _srom = ORIGIN (rom)
                0x000000000003c000                _lrom = LENGTH (rom)
                0x0000000000040000                _erom = (ORIGIN (rom) + LENGTH (rom))
                0x0000000020000000                _sram = ORIGIN (ram)
                0x0000000000020000                _lram = LENGTH (ram)
                0x0000000020020000                _eram = (ORIGIN (ram) + LENGTH (ram))

.text           0x0000000000004000     0x9e64
                0x0000000000004000                . = ALIGN (0x4)
                0x0000000000004000                _sfixed = .
 *(.vectors .vectors.*)
 .vectors       0x0000000000004000      0x264 .build/obj_massdrop_ctrl_default/protocol/arm_atsam/startup.o
                0x0000000000004000                exception_table
 *(.text .text.* .gnu.linkonce.t.*)
 .text          0x0000000000004264       0x40 /opt/homebrew/Cellar/arm-gcc-bin@8/8-2019-q3-update_1/bin/../lib/gcc/arm-none-eabi/8.3.1/thumb/v7e-m+fp/hard/crtbegin.o
 .text.rgb_matrix_indicators_advanced_kb
                0x00000000000042a4        0x4 .build/obj_massdrop_ctrl_default/config_led.o
                0x00000000000042a4                rgb_matrix_indicators_advanced_kb
 .text.matrix_output_select_delay
                0x00000000000042a8        0x4 .build/obj_massdrop_ctrl_default/keyboards/massdrop/ctrl/ctrl.o
                0x00000000000042a8                matrix_output_select_delay
 .text.matrix_output_unselect_delay
                0x00000000000042ac        0x2 .build/obj_massdrop_ctrl_default/keyboards/massdrop/ctrl/ctrl.o
                0x00000000000042ac                matrix_output_unselect_delay
 *fill*         0x00000000000042ae        0x2 
 .text.process_record_user
                0x00000000000042b0      0x164 .build/obj_massdrop_ctrl_default/keyboards/massdrop/ctrl/keymaps/default/keymap.o
                0x00000000000042b0                process_record_user
 .text.process_action_kb
                0x0000000000004414        0x4 .build/obj_massdrop_ctrl_default/quantum/quantum.o
                0x0000000000004414                process_action_kb
 .text.process_record_kb
                0x0000000000004418        0x8 .build/obj_massdrop_ctrl_default/quantum/quantum.o
                0x0000000000004418                process_record_kb
 .text.post_process_record_user
                0x0000000000004420        0x2 .build/obj_massdrop_ctrl_default/quantum/quantum.o
                0x0000000000004420                post_process_record_user
 .text.post_process_record_kb
                0x0000000000004422        0x8 .build/obj_massdrop_ctrl_default/quantum/quantum.o
                0x0000000000004422                post_process_record_kb
 *fill*         0x000000000000442a        0x2 
 .text.get_event_keycode
                0x000000000000442c       0x4c .build/obj_massdrop_ctrl_default/quantum/quantum.o
                0x000000000000442c                get_event_keycode
 .text.get_record_keycode
                0x0000000000004478        0xc .build/obj_massdrop_ctrl_default/quantum/quantum.o
                0x0000000000004478                get_record_keycode
 .text.pre_process_record_quantum
                0x0000000000004484        0x4 .build/obj_massdrop_ctrl_default/quantum/quantum.o
                0x0000000000004484                pre_process_record_quantum
 .text.post_process_record_quantum
                0x0000000000004488       0x12 .build/obj_massdrop_ctrl_default/quantum/quantum.o
                0x0000000000004488                post_process_record_quantum
 .text.matrix_init_quantum
                0x000000000000449a       0x16 .build/obj_massdrop_ctrl_default/quantum/quantum.o
                0x000000000000449a                matrix_init_quantum
 .text.matrix_scan_quantum
                0x00000000000044b0        0x4 .build/obj_massdrop_ctrl_default/quantum/quantum.o
                0x00000000000044b0                matrix_scan_quantum
 .text.suspend_wakeup_init_user
                0x00000000000044b4        0x2 .build/obj_massdrop_ctrl_default/quantum/quantum.o
                0x00000000000044b4                suspend_wakeup_init_user
 .text.suspend_power_down_user
                0x00000000000044b6        0x2 .build/obj_massdrop_ctrl_default/quantum/quantum.o
                0x00000000000044b6                suspend_power_down_user
 .text.suspend_power_down_kb
                0x00000000000044b8        0x8 .build/obj_massdrop_ctrl_default/quantum/quantum.o
                0x00000000000044b8                suspend_power_down_kb
 .text.shutdown_user
                0x00000000000044c0        0x2 .build/obj_massdrop_ctrl_default/quantum/quantum.o
                0x00000000000044c0                shutdown_user
 .text.reset_keyboard
                0x00000000000044c2       0x1a .build/obj_massdrop_ctrl_default/quantum/quantum.o
                0x00000000000044c2                reset_keyboard
 .text.process_record_quantum
                0x00000000000044dc       0x9a .build/obj_massdrop_ctrl_default/quantum/quantum.o
                0x00000000000044dc                process_record_quantum
 .text.suspend_wakeup_init_kb
                0x0000000000004576        0x8 .build/obj_massdrop_ctrl_default/quantum/quantum.o
                0x0000000000004576                suspend_wakeup_init_kb
 .text.led_set_user
                0x000000000000457e        0x2 .build/obj_massdrop_ctrl_default/quantum/led.o
                0x000000000000457e                led_set_user
 .text.led_set_kb
                0x0000000000004580        0x8 .build/obj_massdrop_ctrl_default/quantum/led.o
                0x0000000000004580                led_set_kb
 .text.led_update_user
                0x0000000000004588        0x4 .build/obj_massdrop_ctrl_default/quantum/led.o
                0x0000000000004588                led_update_user
 .text.led_update_kb
                0x000000000000458c        0x8 .build/obj_massdrop_ctrl_default/quantum/led.o
                0x000000000000458c                led_update_kb
 .text.led_init_ports
                0x0000000000004594        0x2 .build/obj_massdrop_ctrl_default/quantum/led.o
                0x0000000000004594                led_init_ports
 .text.led_set  0x0000000000004596       0x10 .build/obj_massdrop_ctrl_default/quantum/led.o
                0x0000000000004596                led_set
 .text.action_exec
                0x00000000000045a6       0x52 .build/obj_massdrop_ctrl_default/quantum/action.o
                0x00000000000045a6                action_exec
 .text.process_record_tap_hint
                0x00000000000045f8        0x6 .build/obj_massdrop_ctrl_default/quantum/action.o
                0x00000000000045f8                process_record_tap_hint
 *fill*         0x00000000000045fe        0x2 
 .text.register_code
                0x0000000000004600       0x88 .build/obj_massdrop_ctrl_default/quantum/action.o
                0x0000000000004600                register_code
 .text.unregister_code
                0x0000000000004688       0x5c .build/obj_massdrop_ctrl_default/quantum/action.o
                0x0000000000004688                unregister_code
 .text.tap_code_delay
                0x00000000000046e4       0x24 .build/obj_massdrop_ctrl_default/quantum/action.o
                0x00000000000046e4                tap_code_delay
 .text.tap_code
                0x0000000000004708        0xc .build/obj_massdrop_ctrl_default/quantum/action.o
                0x0000000000004708                tap_code
 .text.register_mods
                0x0000000000004714       0x12 .build/obj_massdrop_ctrl_default/quantum/action.o
                0x0000000000004714                register_mods
 .text.unregister_mods
                0x0000000000004726       0x12 .build/obj_massdrop_ctrl_default/quantum/action.o
                0x0000000000004726                unregister_mods
 .text.process_action
                0x0000000000004738      0x3c0 .build/obj_massdrop_ctrl_default/quantum/action.o
                0x0000000000004738                process_action
 .text.process_record_handler
                0x0000000000004af8       0x22 .build/obj_massdrop_ctrl_default/quantum/action.o
                0x0000000000004af8                process_record_handler
 *fill*         0x0000000000004b1a        0x2 
 .text.process_record
                0x0000000000004b1c       0x54 .build/obj_massdrop_ctrl_default/quantum/action.o
                0x0000000000004b1c                process_record
 .text.clear_keyboard_but_mods_and_keys
                0x0000000000004b70       0x1e .build/obj_massdrop_ctrl_default/quantum/action.o
                0x0000000000004b70                clear_keyboard_but_mods_and_keys
 .text.clear_keyboard_but_mods
                0x0000000000004b8e        0xe .build/obj_massdrop_ctrl_default/quantum/action.o
                0x0000000000004b8e                clear_keyboard_but_mods
 .text.clear_keyboard
                0x0000000000004b9c        0xe .build/obj_massdrop_ctrl_default/quantum/action.o
                0x0000000000004b9c                clear_keyboard
 .text.is_tap_action
                0x0000000000004baa       0x5e .build/obj_massdrop_ctrl_default/quantum/action.o
                0x0000000000004baa                is_tap_action
 .text.is_tap_record
                0x0000000000004c08       0x10 .build/obj_massdrop_ctrl_default/quantum/action.o
                0x0000000000004c08                is_tap_record
 .text.debug_event
                0x0000000000004c18        0xc .build/obj_massdrop_ctrl_default/quantum/action.o
                0x0000000000004c18                debug_event
 .text.debug_record
                0x0000000000004c24        0xc .build/obj_massdrop_ctrl_default/quantum/action.o
                0x0000000000004c24                debug_record
 .text.default_layer_state_set_user
                0x0000000000004c30        0x2 .build/obj_massdrop_ctrl_default/quantum/action_layer.o
                0x0000000000004c30                default_layer_state_set_user
 .text.default_layer_state_set_kb
                0x0000000000004c32        0x8 .build/obj_massdrop_ctrl_default/quantum/action_layer.o
                0x0000000000004c32                default_layer_state_set_kb
 *fill*         0x0000000000004c3a        0x2 
 .text.default_layer_state_set
                0x0000000000004c3c       0x18 .build/obj_massdrop_ctrl_default/quantum/action_layer.o
 .text.default_layer_debug
                0x0000000000004c54        0x2 .build/obj_massdrop_ctrl_default/quantum/action_layer.o
                0x0000000000004c54                default_layer_debug
 .text.default_layer_set
                0x0000000000004c56        0x4 .build/obj_massdrop_ctrl_default/quantum/action_layer.o
                0x0000000000004c56                default_layer_set
 *fill*         0x0000000000004c5a        0x2 
 .text.default_layer_or
                0x0000000000004c5c       0x10 .build/obj_massdrop_ctrl_default/quantum/action_layer.o
                0x0000000000004c5c                default_layer_or
 .text.default_layer_and
                0x0000000000004c6c       0x10 .build/obj_massdrop_ctrl_default/quantum/action_layer.o
                0x0000000000004c6c                default_layer_and
 .text.default_layer_xor
                0x0000000000004c7c       0x10 .build/obj_massdrop_ctrl_default/quantum/action_layer.o
                0x0000000000004c7c                default_layer_xor
 .text.layer_state_set_user
                0x0000000000004c8c        0x4 .build/obj_massdrop_ctrl_default/quantum/action_layer.o
                0x0000000000004c8c                layer_state_set_user
 .text.layer_state_set_kb
                0x0000000000004c90        0x8 .build/obj_massdrop_ctrl_default/quantum/action_layer.o
                0x0000000000004c90                layer_state_set_kb
 .text.layer_state_set
                0x0000000000004c98       0x18 .build/obj_massdrop_ctrl_default/quantum/action_layer.o
                0x0000000000004c98                layer_state_set
 .text.layer_clear
                0x0000000000004cb0        0x6 .build/obj_massdrop_ctrl_default/quantum/action_layer.o
                0x0000000000004cb0                layer_clear
 .text.layer_move
                0x0000000000004cb6        0xa .build/obj_massdrop_ctrl_default/quantum/action_layer.o
                0x0000000000004cb6                layer_move
 .text.layer_on
                0x0000000000004cc0       0x14 .build/obj_massdrop_ctrl_default/quantum/action_layer.o
                0x0000000000004cc0                layer_on
 .text.layer_off
                0x0000000000004cd4       0x18 .build/obj_massdrop_ctrl_default/quantum/action_layer.o
                0x0000000000004cd4                layer_off
 .text.layer_invert
                0x0000000000004cec       0x14 .build/obj_massdrop_ctrl_default/quantum/action_layer.o
                0x0000000000004cec                layer_invert
 .text.layer_or
                0x0000000000004d00       0x10 .build/obj_massdrop_ctrl_default/quantum/action_layer.o
                0x0000000000004d00                layer_or
 .text.layer_and
                0x0000000000004d10       0x10 .build/obj_massdrop_ctrl_default/quantum/action_layer.o
                0x0000000000004d10                layer_and
 .text.layer_xor
                0x0000000000004d20       0x10 .build/obj_massdrop_ctrl_default/quantum/action_layer.o
                0x0000000000004d20                layer_xor
 .text.layer_debug
                0x0000000000004d30        0x2 .build/obj_massdrop_ctrl_default/quantum/action_layer.o
                0x0000000000004d30                layer_debug
 *fill*         0x0000000000004d32        0x2 
 .text.update_source_layers_cache
                0x0000000000004d34       0x48 .build/obj_massdrop_ctrl_default/quantum/action_layer.o
                0x0000000000004d34                update_source_layers_cache
 .text.read_source_layers_cache
                0x0000000000004d7c       0x40 .build/obj_massdrop_ctrl_default/quantum/action_layer.o
                0x0000000000004d7c                read_source_layers_cache
 .text.layer_switch_get_layer
                0x0000000000004dbc       0x3c .build/obj_massdrop_ctrl_default/quantum/action_layer.o
                0x0000000000004dbc                layer_switch_get_layer
 .text.layer_switch_get_action
                0x0000000000004df8       0x18 .build/obj_massdrop_ctrl_default/quantum/action_layer.o
                0x0000000000004df8                layer_switch_get_action
 .text.store_or_get_action
                0x0000000000004e10       0x48 .build/obj_massdrop_ctrl_default/quantum/action_layer.o
                0x0000000000004e10                store_or_get_action
 .text.action_macro_play
                0x0000000000004e58       0xb4 .build/obj_massdrop_ctrl_default/quantum/action_macro.o
                0x0000000000004e58                action_macro_play
 .text.debug_waiting_buffer
                0x0000000000004f0c       0x2c .build/obj_massdrop_ctrl_default/quantum/action_tapping.o
 .text.debug_tapping_key
                0x0000000000004f38       0x10 .build/obj_massdrop_ctrl_default/quantum/action_tapping.o
 .text.waiting_buffer_scan_tap
                0x0000000000004f48       0xa4 .build/obj_massdrop_ctrl_default/quantum/action_tapping.o
 .text.process_tapping
                0x0000000000004fec      0x3bc .build/obj_massdrop_ctrl_default/quantum/action_tapping.o
 .text.action_tapping_process
                0x00000000000053a8       0xd8 .build/obj_massdrop_ctrl_default/quantum/action_tapping.o
                0x00000000000053a8                action_tapping_process
 .text.add_key  0x0000000000005480       0x10 .build/obj_massdrop_ctrl_default/quantum/action_util.o
                0x0000000000005480                add_key
 .text.del_key  0x0000000000005490       0x10 .build/obj_massdrop_ctrl_default/quantum/action_util.o
                0x0000000000005490                del_key
 .text.clear_keys
                0x00000000000054a0        0xc .build/obj_massdrop_ctrl_default/quantum/action_util.o
                0x00000000000054a0                clear_keys
 .text.get_oneshot_layer
                0x00000000000054ac       0x10 .build/obj_massdrop_ctrl_default/quantum/action_util.o
                0x00000000000054ac                get_oneshot_layer
 .text.get_oneshot_layer_state
                0x00000000000054bc       0x10 .build/obj_massdrop_ctrl_default/quantum/action_util.o
                0x00000000000054bc                get_oneshot_layer_state
 .text.is_oneshot_layer_active
                0x00000000000054cc       0x14 .build/obj_massdrop_ctrl_default/quantum/action_util.o
                0x00000000000054cc                is_oneshot_layer_active
 .text.get_mods
                0x00000000000054e0        0xc .build/obj_massdrop_ctrl_default/quantum/action_util.o
                0x00000000000054e0                get_mods
 .text.add_mods
                0x00000000000054ec       0x10 .build/obj_massdrop_ctrl_default/quantum/action_util.o
                0x00000000000054ec                add_mods
 .text.del_mods
                0x00000000000054fc       0x10 .build/obj_massdrop_ctrl_default/quantum/action_util.o
                0x00000000000054fc                del_mods
 .text.clear_mods
                0x000000000000550c        0xc .build/obj_massdrop_ctrl_default/quantum/action_util.o
                0x000000000000550c                clear_mods
 .text.add_weak_mods
                0x0000000000005518       0x10 .build/obj_massdrop_ctrl_default/quantum/action_util.o
                0x0000000000005518                add_weak_mods
 .text.del_weak_mods
                0x0000000000005528       0x10 .build/obj_massdrop_ctrl_default/quantum/action_util.o
                0x0000000000005528                del_weak_mods
 .text.clear_weak_mods
                0x0000000000005538        0xc .build/obj_massdrop_ctrl_default/quantum/action_util.o
                0x0000000000005538                clear_weak_mods
 .text.add_macro_mods
                0x0000000000005544       0x10 .build/obj_massdrop_ctrl_default/quantum/action_util.o
                0x0000000000005544                add_macro_mods
 .text.del_macro_mods
                0x0000000000005554       0x10 .build/obj_massdrop_ctrl_default/quantum/action_util.o
                0x0000000000005554                del_macro_mods
 .text.clear_macro_mods
                0x0000000000005564        0xc .build/obj_massdrop_ctrl_default/quantum/action_util.o
                0x0000000000005564                clear_macro_mods
 .text.get_oneshot_mods
                0x0000000000005570        0xc .build/obj_massdrop_ctrl_default/quantum/action_util.o
                0x0000000000005570                get_oneshot_mods
 .text.oneshot_mods_changed_user
                0x000000000000557c        0x2 .build/obj_massdrop_ctrl_default/quantum/action_util.o
                0x000000000000557c                oneshot_mods_changed_user
 .text.oneshot_mods_changed_kb
                0x000000000000557e        0x8 .build/obj_massdrop_ctrl_default/quantum/action_util.o
                0x000000000000557e                oneshot_mods_changed_kb
 *fill*         0x0000000000005586        0x2 
 .text.set_oneshot_mods
                0x0000000000005588       0x24 .build/obj_massdrop_ctrl_default/quantum/action_util.o
                0x0000000000005588                set_oneshot_mods
 .text.clear_oneshot_mods
                0x00000000000055ac       0x18 .build/obj_massdrop_ctrl_default/quantum/action_util.o
                0x00000000000055ac                clear_oneshot_mods
 .text.send_keyboard_report
                0x00000000000055c4       0x4c .build/obj_massdrop_ctrl_default/quantum/action_util.o
                0x00000000000055c4                send_keyboard_report
 .text.oneshot_layer_changed_user
                0x0000000000005610        0x2 .build/obj_massdrop_ctrl_default/quantum/action_util.o
                0x0000000000005610                oneshot_layer_changed_user
 .text.oneshot_layer_changed_kb
                0x0000000000005612        0x8 .build/obj_massdrop_ctrl_default/quantum/action_util.o
                0x0000000000005612                oneshot_layer_changed_kb
 *fill*         0x000000000000561a        0x2 
 .text.set_oneshot_layer
                0x000000000000561c       0x34 .build/obj_massdrop_ctrl_default/quantum/action_util.o
                0x000000000000561c                set_oneshot_layer
 .text.reset_oneshot_layer
                0x0000000000005650       0x14 .build/obj_massdrop_ctrl_default/quantum/action_util.o
                0x0000000000005650                reset_oneshot_layer
 .text.clear_oneshot_layer_state
                0x0000000000005664       0x3c .build/obj_massdrop_ctrl_default/quantum/action_util.o
                0x0000000000005664                clear_oneshot_layer_state
 .text.oneshot_set
                0x00000000000056a0       0x2c .build/obj_massdrop_ctrl_default/quantum/action_util.o
                0x00000000000056a0                oneshot_set
 .text.oneshot_toggle
                0x00000000000056cc       0x18 .build/obj_massdrop_ctrl_default/quantum/action_util.o
                0x00000000000056cc                oneshot_toggle
 .text.oneshot_enable
                0x00000000000056e4        0x6 .build/obj_massdrop_ctrl_default/quantum/action_util.o
                0x00000000000056e4                oneshot_enable
 .text.oneshot_disable
                0x00000000000056ea        0x6 .build/obj_massdrop_ctrl_default/quantum/action_util.o
                0x00000000000056ea                oneshot_disable
 .text.eeconfig_is_enabled
                0x00000000000056f0       0x14 .build/obj_massdrop_ctrl_default/quantum/eeconfig.o
                0x00000000000056f0                eeconfig_is_enabled
 .text.eeconfig_read_debug
                0x0000000000005704        0x6 .build/obj_massdrop_ctrl_default/quantum/eeconfig.o
                0x0000000000005704                eeconfig_read_debug
 .text.eeconfig_read_default_layer
                0x000000000000570a        0x6 .build/obj_massdrop_ctrl_default/quantum/eeconfig.o
                0x000000000000570a                eeconfig_read_default_layer
 .text.eeconfig_read_keymap
                0x0000000000005710       0x18 .build/obj_massdrop_ctrl_default/quantum/eeconfig.o
                0x0000000000005710                eeconfig_read_keymap
 .text.eeconfig_update_keymap
                0x0000000000005728       0x18 .build/obj_massdrop_ctrl_default/quantum/eeconfig.o
                0x0000000000005728                eeconfig_update_keymap
 .text.eeconfig_update_kb
                0x0000000000005740        0x8 .build/obj_massdrop_ctrl_default/quantum/eeconfig.o
                0x0000000000005740                eeconfig_update_kb
 .text.eeconfig_update_user
                0x0000000000005748        0x8 .build/obj_massdrop_ctrl_default/quantum/eeconfig.o
                0x0000000000005748                eeconfig_update_user
 .text.eeconfig_init_user
                0x0000000000005750        0x6 .build/obj_massdrop_ctrl_default/quantum/eeconfig.o
                0x0000000000005750                eeconfig_init_user
 .text.eeconfig_init_kb
                0x0000000000005756        0xe .build/obj_massdrop_ctrl_default/quantum/eeconfig.o
                0x0000000000005756                eeconfig_init_kb
 .text.eeconfig_init_quantum
                0x0000000000005764       0x8c .build/obj_massdrop_ctrl_default/quantum/eeconfig.o
                0x0000000000005764                eeconfig_init_quantum
 .text.eeconfig_init
                0x00000000000057f0        0x4 .build/obj_massdrop_ctrl_default/quantum/eeconfig.o
                0x00000000000057f0                eeconfig_init
 .text.eeconfig_update_handedness
                0x00000000000057f4        0x8 .build/obj_massdrop_ctrl_default/quantum/eeconfig.o
                0x00000000000057f4                eeconfig_update_handedness
 .text.last_matrix_activity_trigger
                0x00000000000057fc       0x14 .build/obj_massdrop_ctrl_default/quantum/keyboard.o
                0x00000000000057fc                last_matrix_activity_trigger
 .text.keyboard_pre_init_user
                0x0000000000005810        0x2 .build/obj_massdrop_ctrl_default/quantum/keyboard.o
                0x0000000000005810                keyboard_pre_init_user
 .text.matrix_setup
                0x0000000000005812        0x2 .build/obj_massdrop_ctrl_default/quantum/keyboard.o
                0x0000000000005812                matrix_setup
 .text.keyboard_pre_init_kb
                0x0000000000005814        0x8 .build/obj_massdrop_ctrl_default/quantum/keyboard.o
                0x0000000000005814                keyboard_pre_init_kb
 .text.keyboard_post_init_user
                0x000000000000581c        0x2 .build/obj_massdrop_ctrl_default/quantum/keyboard.o
                0x000000000000581c                keyboard_post_init_user
 .text.keyboard_post_init_kb
                0x000000000000581e        0x8 .build/obj_massdrop_ctrl_default/quantum/keyboard.o
                0x000000000000581e                keyboard_post_init_kb
 *fill*         0x0000000000005826        0x2 
 .text.keyboard_setup
                0x0000000000005828       0x18 .build/obj_massdrop_ctrl_default/quantum/keyboard.o
                0x0000000000005828                keyboard_setup
 .text.is_keyboard_master
                0x0000000000005840        0x4 .build/obj_massdrop_ctrl_default/quantum/keyboard.o
                0x0000000000005840                is_keyboard_master
 .text.should_process_keypress
                0x0000000000005844        0x8 .build/obj_massdrop_ctrl_default/quantum/keyboard.o
                0x0000000000005844                should_process_keypress
 .text.housekeeping_task_kb
                0x000000000000584c        0x2 .build/obj_massdrop_ctrl_default/quantum/keyboard.o
                0x000000000000584c                housekeeping_task_kb
 .text.housekeeping_task_user
                0x000000000000584e        0x2 .build/obj_massdrop_ctrl_default/quantum/keyboard.o
                0x000000000000584e                housekeeping_task_user
 .text.housekeeping_task
                0x0000000000005850        0xc .build/obj_massdrop_ctrl_default/quantum/keyboard.o
                0x0000000000005850                housekeeping_task
 .text.keyboard_init
                0x000000000000585c       0x10 .build/obj_massdrop_ctrl_default/quantum/keyboard.o
                0x000000000000585c                keyboard_init
 .text.keyboard_task
                0x000000000000586c       0xf8 .build/obj_massdrop_ctrl_default/quantum/keyboard.o
                0x000000000000586c                keyboard_task
 .text.action_get_macro
                0x0000000000005964        0x4 .build/obj_massdrop_ctrl_default/quantum/keymap_common.o
                0x0000000000005964                action_get_macro
 .text.action_function
                0x0000000000005968        0x2 .build/obj_massdrop_ctrl_default/quantum/keymap_common.o
                0x0000000000005968                action_function
 *fill*         0x000000000000596a        0x2 
 .text.keymap_key_to_keycode
                0x000000000000596c       0x20 .build/obj_massdrop_ctrl_default/quantum/keymap_common.o
                0x000000000000596c                keymap_key_to_keycode
 .text.keymap_function_id_to_action
                0x000000000000598c        0xc .build/obj_massdrop_ctrl_default/quantum/keymap_common.o
                0x000000000000598c                keymap_function_id_to_action
 .text.action_for_keycode
                0x0000000000005998      0x190 .build/obj_massdrop_ctrl_default/quantum/keymap_common.o
                0x0000000000005998                action_for_keycode
 .text.action_for_key
                0x0000000000005b28       0x16 .build/obj_massdrop_ctrl_default/quantum/keymap_common.o
                0x0000000000005b28                action_for_key
 *fill*         0x0000000000005b3e        0x2 
 .text.keycode_config
                0x0000000000005b40      0x104 .build/obj_massdrop_ctrl_default/quantum/keycode_config.o
                0x0000000000005b40                keycode_config
 .text.mod_config
                0x0000000000005c44       0xac .build/obj_massdrop_ctrl_default/quantum/keycode_config.o
                0x0000000000005c44                mod_config
 .text.sendchar
                0x0000000000005cf0        0x4 .build/obj_massdrop_ctrl_default/quantum/logging/sendchar.o
                0x0000000000005cf0                sendchar
 .text.null_sendchar_func
                0x0000000000005cf4        0x4 .build/obj_massdrop_ctrl_default/quantum/logging/print.o
 .text.print_set_sendchar
                0x0000000000005cf8        0xc .build/obj_massdrop_ctrl_default/quantum/logging/print.o
                0x0000000000005cf8                print_set_sendchar
 .text.bootmagic
                0x0000000000005d04        0x2 .build/obj_massdrop_ctrl_default/quantum/bootmagic/magic.o
                0x0000000000005d04                bootmagic
 *fill*         0x0000000000005d06        0x2 
 .text.magic    0x0000000000005d08       0x40 .build/obj_massdrop_ctrl_default/quantum/bootmagic/magic.o
                0x0000000000005d08                magic
 .text.matrix_init_user
                0x0000000000005d48        0x2 .build/obj_massdrop_ctrl_default/quantum/matrix_common.o
                0x0000000000005d48                matrix_init_user
 .text.matrix_init_kb
                0x0000000000005d4a        0x8 .build/obj_massdrop_ctrl_default/quantum/matrix_common.o
                0x0000000000005d4a                matrix_init_kb
 .text.matrix_scan_user
                0x0000000000005d52        0x2 .build/obj_massdrop_ctrl_default/quantum/matrix_common.o
                0x0000000000005d52                matrix_scan_user
 .text.matrix_scan_kb
                0x0000000000005d54        0x8 .build/obj_massdrop_ctrl_default/quantum/matrix_common.o
                0x0000000000005d54                matrix_scan_kb
 .text.matrix_get_row
                0x0000000000005d5c        0xc .build/obj_massdrop_ctrl_default/quantum/matrix_common.o
                0x0000000000005d5c                matrix_get_row
 .text.matrix_print
                0x0000000000005d68        0x2 .build/obj_massdrop_ctrl_default/quantum/matrix_common.o
                0x0000000000005d68                matrix_print
 .text.matrix_io_delay
                0x0000000000005d6a        0x6 .build/obj_massdrop_ctrl_default/quantum/matrix_common.o
                0x0000000000005d6a                matrix_io_delay
 .text.setPinInputHigh_atomic
                0x0000000000005d70       0x36 .build/obj_massdrop_ctrl_default/quantum/matrix.o
 *fill*         0x0000000000005da6        0x2 
 .text.matrix_init_pins
                0x0000000000005da8       0x3c .build/obj_massdrop_ctrl_default/quantum/matrix.o
                0x0000000000005da8                matrix_init_pins
 .text.matrix_read_cols_on_row
                0x0000000000005de4       0x9c .build/obj_massdrop_ctrl_default/quantum/matrix.o
                0x0000000000005de4                matrix_read_cols_on_row
 .text.matrix_init
                0x0000000000005e80       0x34 .build/obj_massdrop_ctrl_default/quantum/matrix.o
                0x0000000000005e80                matrix_init
 .text.matrix_scan
                0x0000000000005eb4       0x60 .build/obj_massdrop_ctrl_default/quantum/matrix.o
                0x0000000000005eb4                matrix_scan
 .text.debounce_init
                0x0000000000005f14        0x2 .build/obj_massdrop_ctrl_default/quantum/debounce/sym_defer_g.o
                0x0000000000005f14                debounce_init
 *fill*         0x0000000000005f16        0x2 
 .text.debounce
                0x0000000000005f18       0x40 .build/obj_massdrop_ctrl_default/quantum/debounce/sym_defer_g.o
                0x0000000000005f18                debounce
 .text.get_virtual_eeprom_size
                0x0000000000005f58       0x34 .build/obj_massdrop_ctrl_default/platforms/arm_atsam/eeprom.o
 .text.eeprom_read_byte
                0x0000000000005f8c       0x5c .build/obj_massdrop_ctrl_default/platforms/arm_atsam/eeprom.o
                0x0000000000005f8c                eeprom_read_byte
 .text.eeprom_write_byte
                0x0000000000005fe8       0x54 .build/obj_massdrop_ctrl_default/platforms/arm_atsam/eeprom.o
                0x0000000000005fe8                eeprom_write_byte
 .text.eeprom_read_word
                0x000000000000603c       0x18 .build/obj_massdrop_ctrl_default/platforms/arm_atsam/eeprom.o
                0x000000000000603c                eeprom_read_word
 .text.eeprom_read_block
                0x0000000000006054       0x1c .build/obj_massdrop_ctrl_default/platforms/arm_atsam/eeprom.o
                0x0000000000006054                eeprom_read_block
 .text.eeprom_write_word
                0x0000000000006070       0x18 .build/obj_massdrop_ctrl_default/platforms/arm_atsam/eeprom.o
                0x0000000000006070                eeprom_write_word
 .text.eeprom_write_dword
                0x0000000000006088       0x2c .build/obj_massdrop_ctrl_default/platforms/arm_atsam/eeprom.o
                0x0000000000006088                eeprom_write_dword
 .text.eeprom_write_block
                0x00000000000060b4       0x1c .build/obj_massdrop_ctrl_default/platforms/arm_atsam/eeprom.o
                0x00000000000060b4                eeprom_write_block
 .text.eeprom_update_byte
                0x00000000000060d0        0x4 .build/obj_massdrop_ctrl_default/platforms/arm_atsam/eeprom.o
                0x00000000000060d0                eeprom_update_byte
 .text.eeprom_update_word
                0x00000000000060d4        0x4 .build/obj_massdrop_ctrl_default/platforms/arm_atsam/eeprom.o
                0x00000000000060d4                eeprom_update_word
 .text.eeprom_update_dword
                0x00000000000060d8        0x4 .build/obj_massdrop_ctrl_default/platforms/arm_atsam/eeprom.o
                0x00000000000060d8                eeprom_update_dword
 .text.eeprom_update_block
                0x00000000000060dc        0x4 .build/obj_massdrop_ctrl_default/platforms/arm_atsam/eeprom.o
                0x00000000000060dc                eeprom_update_block
 .text.hsv_to_rgb_impl
                0x00000000000060e0       0xdc .build/obj_massdrop_ctrl_default/quantum/color.o
                0x00000000000060e0                hsv_to_rgb_impl
 .text.hsv_to_rgb
                0x00000000000061bc        0xa .build/obj_massdrop_ctrl_default/quantum/color.o
                0x00000000000061bc                hsv_to_rgb
 .text.sqrt16   0x00000000000061c6       0x44 .build/obj_massdrop_ctrl_default/quantum/rgb_matrix/rgb_matrix.o
 *fill*         0x000000000000620a        0x2 
 .text.random8  0x000000000000620c       0x24 .build/obj_massdrop_ctrl_default/quantum/rgb_matrix/rgb_matrix.o
 .text.sin8_C   0x0000000000006230       0x40 .build/obj_massdrop_ctrl_default/quantum/rgb_matrix/rgb_matrix.o
 .text.BAND_SAT_math
                0x0000000000006270       0x58 .build/obj_massdrop_ctrl_default/quantum/rgb_matrix/rgb_matrix.o
 .text.BAND_VAL_math
                0x00000000000062c8       0x58 .build/obj_massdrop_ctrl_default/quantum/rgb_matrix/rgb_matrix.o
 .text.CYCLE_ALL_math
                0x0000000000006320       0x26 .build/obj_massdrop_ctrl_default/quantum/rgb_matrix/rgb_matrix.o
 *fill*         0x0000000000006346        0x2 
 .text.CYCLE_LEFT_RIGHT_math
                0x0000000000006348       0x34 .build/obj_massdrop_ctrl_default/quantum/rgb_matrix/rgb_matrix.o
 .text.CYCLE_UP_DOWN_math
                0x000000000000637c       0x38 .build/obj_massdrop_ctrl_default/quantum/rgb_matrix/rgb_matrix.o
 .text.RAINBOW_MOVING_CHEVRON_math
                0x00000000000063b4       0x50 .build/obj_massdrop_ctrl_default/quantum/rgb_matrix/rgb_matrix.o
 .text.CYCLE_OUT_IN_math
                0x0000000000006404       0x32 .build/obj_massdrop_ctrl_default/quantum/rgb_matrix/rgb_matrix.o
 .text.CYCLE_OUT_IN_DUAL_math
                0x0000000000006436       0x48 .build/obj_massdrop_ctrl_default/quantum/rgb_matrix/rgb_matrix.o
 *fill*         0x000000000000647e        0x2 
 .text.DUAL_BEACON_math
                0x0000000000006480       0x50 .build/obj_massdrop_ctrl_default/quantum/rgb_matrix/rgb_matrix.o
 .text.RAINBOW_BEACON_math
                0x00000000000064d0       0x50 .build/obj_massdrop_ctrl_default/quantum/rgb_matrix/rgb_matrix.o
 .text.RAINBOW_PINWHEELS_math
                0x0000000000006520       0x64 .build/obj_massdrop_ctrl_default/quantum/rgb_matrix/rgb_matrix.o
 .text.HUE_PENDULUM_math
                0x0000000000006584       0x60 .build/obj_massdrop_ctrl_default/quantum/rgb_matrix/rgb_matrix.o
 .text.HUE_WAVE_math
                0x00000000000065e4       0x4c .build/obj_massdrop_ctrl_default/quantum/rgb_matrix/rgb_matrix.o
 .text.SOLID_REACTIVE_SIMPLE_math
                0x0000000000006630       0x34 .build/obj_massdrop_ctrl_default/quantum/rgb_matrix/rgb_matrix.o
 .text.SOLID_REACTIVE_math
                0x0000000000006664       0x34 .build/obj_massdrop_ctrl_default/quantum/rgb_matrix/rgb_matrix.o
 .text.SOLID_REACTIVE_WIDE_math
                0x0000000000006698       0x48 .build/obj_massdrop_ctrl_default/quantum/rgb_matrix/rgb_matrix.o
 .text.SOLID_REACTIVE_CROSS_math
                0x00000000000066e0       0x72 .build/obj_massdrop_ctrl_default/quantum/rgb_matrix/rgb_matrix.o
 *fill*         0x0000000000006752        0x2 
 .text.SOLID_REACTIVE_NEXUS_math
                0x0000000000006754       0x78 .build/obj_massdrop_ctrl_default/quantum/rgb_matrix/rgb_matrix.o
 .text.SPLASH_math
                0x00000000000067cc       0x4e .build/obj_massdrop_ctrl_default/quantum/rgb_matrix/rgb_matrix.o
                0x00000000000067cc                SPLASH_math
 .text.SOLID_SPLASH_math
                0x000000000000681a       0x44 .build/obj_massdrop_ctrl_default/quantum/rgb_matrix/rgb_matrix.o
                0x000000000000681a                SOLID_SPLASH_math
 .text.atan2_8  0x000000000000685e       0x46 .build/obj_massdrop_ctrl_default/quantum/rgb_matrix/rgb_matrix.o
 .text.BAND_PINWHEEL_SAT_math
                0x00000000000068a4       0x48 .build/obj_massdrop_ctrl_default/quantum/rgb_matrix/rgb_matrix.o
 .text.BAND_PINWHEEL_VAL_math
                0x00000000000068ec       0x48 .build/obj_massdrop_ctrl_default/quantum/rgb_matrix/rgb_matrix.o
 .text.BAND_SPIRAL_SAT_math
                0x0000000000006934       0x46 .build/obj_massdrop_ctrl_default/quantum/rgb_matrix/rgb_matrix.o
 .text.BAND_SPIRAL_VAL_math
                0x000000000000697a       0x46 .build/obj_massdrop_ctrl_default/quantum/rgb_matrix/rgb_matrix.o
 .text.CYCLE_PINWHEEL_math
                0x00000000000069c0       0x30 .build/obj_massdrop_ctrl_default/quantum/rgb_matrix/rgb_matrix.o
 .text.CYCLE_SPIRAL_math
                0x00000000000069f0       0x36 .build/obj_massdrop_ctrl_default/quantum/rgb_matrix/rgb_matrix.o
 *fill*         0x0000000000006a26        0x2 
 .text.eeconfig_flush_rgb_matrix.part.1
                0x0000000000006a28       0x1c .build/obj_massdrop_ctrl_default/quantum/rgb_matrix/rgb_matrix.o
 .text.rgb_matrix_hsv_to_rgb
                0x0000000000006a44        0x8 .build/obj_massdrop_ctrl_default/quantum/rgb_matrix/rgb_matrix.o
                0x0000000000006a44                rgb_matrix_hsv_to_rgb
 .text.eeconfig_update_rgb_matrix_default
                0x0000000000006a4c       0x2c .build/obj_massdrop_ctrl_default/quantum/rgb_matrix/rgb_matrix.o
                0x0000000000006a4c                eeconfig_update_rgb_matrix_default
 .text.rgb_matrix_map_row_column_to_led_kb
                0x0000000000006a78        0x4 .build/obj_massdrop_ctrl_default/quantum/rgb_matrix/rgb_matrix.o
                0x0000000000006a78                rgb_matrix_map_row_column_to_led_kb
 .text.rgb_matrix_map_row_column_to_led
                0x0000000000006a7c       0x24 .build/obj_massdrop_ctrl_default/quantum/rgb_matrix/rgb_matrix.o
                0x0000000000006a7c                rgb_matrix_map_row_column_to_led
 .text.rgb_matrix_update_pwm_buffers
                0x0000000000006aa0        0xc .build/obj_massdrop_ctrl_default/quantum/rgb_matrix/rgb_matrix.o
                0x0000000000006aa0                rgb_matrix_update_pwm_buffers
 .text.rgb_matrix_set_color
                0x0000000000006aac       0x14 .build/obj_massdrop_ctrl_default/quantum/rgb_matrix/rgb_matrix.o
                0x0000000000006aac                rgb_matrix_set_color
 .text.effect_runner_dx_dy_dist
                0x0000000000006ac0       0xe4 .build/obj_massdrop_ctrl_default/quantum/rgb_matrix/rgb_matrix.o
                0x0000000000006ac0                effect_runner_dx_dy_dist
 .text.BAND_SPIRAL_SAT
                0x0000000000006ba4        0xc .build/obj_massdrop_ctrl_default/quantum/rgb_matrix/rgb_matrix.o
                0x0000000000006ba4                BAND_SPIRAL_SAT
 .text.BAND_SPIRAL_VAL
                0x0000000000006bb0        0xc .build/obj_massdrop_ctrl_default/quantum/rgb_matrix/rgb_matrix.o
                0x0000000000006bb0                BAND_SPIRAL_VAL
 .text.CYCLE_OUT_IN
                0x0000000000006bbc        0xc .build/obj_massdrop_ctrl_default/quantum/rgb_matrix/rgb_matrix.o
                0x0000000000006bbc                CYCLE_OUT_IN
 .text.CYCLE_SPIRAL
                0x0000000000006bc8        0xc .build/obj_massdrop_ctrl_default/quantum/rgb_matrix/rgb_matrix.o
                0x0000000000006bc8                CYCLE_SPIRAL
 .text.effect_runner_dx_dy
                0x0000000000006bd4       0xc0 .build/obj_massdrop_ctrl_default/quantum/rgb_matrix/rgb_matrix.o
                0x0000000000006bd4                effect_runner_dx_dy
 .text.BAND_PINWHEEL_SAT
                0x0000000000006c94        0xc .build/obj_massdrop_ctrl_default/quantum/rgb_matrix/rgb_matrix.o
                0x0000000000006c94                BAND_PINWHEEL_SAT
 .text.BAND_PINWHEEL_VAL
                0x0000000000006ca0        0xc .build/obj_massdrop_ctrl_default/quantum/rgb_matrix/rgb_matrix.o
                0x0000000000006ca0                BAND_PINWHEEL_VAL
 .text.CYCLE_OUT_IN_DUAL
                0x0000000000006cac        0xc .build/obj_massdrop_ctrl_default/quantum/rgb_matrix/rgb_matrix.o
                0x0000000000006cac                CYCLE_OUT_IN_DUAL
 .text.CYCLE_PINWHEEL
                0x0000000000006cb8        0xc .build/obj_massdrop_ctrl_default/quantum/rgb_matrix/rgb_matrix.o
                0x0000000000006cb8                CYCLE_PINWHEEL
 .text.effect_runner_i
                0x0000000000006cc4       0xa8 .build/obj_massdrop_ctrl_default/quantum/rgb_matrix/rgb_matrix.o
                0x0000000000006cc4                effect_runner_i
 .text.BAND_SAT
                0x0000000000006d6c        0xc .build/obj_massdrop_ctrl_default/quantum/rgb_matrix/rgb_matrix.o
                0x0000000000006d6c                BAND_SAT
 .text.BAND_VAL
                0x0000000000006d78        0xc .build/obj_massdrop_ctrl_default/quantum/rgb_matrix/rgb_matrix.o
                0x0000000000006d78                BAND_VAL
 .text.CYCLE_ALL
                0x0000000000006d84        0xc .build/obj_massdrop_ctrl_default/quantum/rgb_matrix/rgb_matrix.o
                0x0000000000006d84                CYCLE_ALL
 .text.CYCLE_LEFT_RIGHT
                0x0000000000006d90        0xc .build/obj_massdrop_ctrl_default/quantum/rgb_matrix/rgb_matrix.o
                0x0000000000006d90                CYCLE_LEFT_RIGHT
 .text.CYCLE_UP_DOWN
                0x0000000000006d9c        0xc .build/obj_massdrop_ctrl_default/quantum/rgb_matrix/rgb_matrix.o
                0x0000000000006d9c                CYCLE_UP_DOWN
 .text.RAINBOW_MOVING_CHEVRON
                0x0000000000006da8        0xc .build/obj_massdrop_ctrl_default/quantum/rgb_matrix/rgb_matrix.o
                0x0000000000006da8                RAINBOW_MOVING_CHEVRON
 .text.HUE_PENDULUM
                0x0000000000006db4        0xc .build/obj_massdrop_ctrl_default/quantum/rgb_matrix/rgb_matrix.o
                0x0000000000006db4                HUE_PENDULUM
 .text.HUE_WAVE
                0x0000000000006dc0        0xc .build/obj_massdrop_ctrl_default/quantum/rgb_matrix/rgb_matrix.o
                0x0000000000006dc0                HUE_WAVE
 .text.effect_runner_sin_cos_i
                0x0000000000006dcc       0xc8 .build/obj_massdrop_ctrl_default/quantum/rgb_matrix/rgb_matrix.o
                0x0000000000006dcc                effect_runner_sin_cos_i
 .text.DUAL_BEACON
                0x0000000000006e94        0xc .build/obj_massdrop_ctrl_default/quantum/rgb_matrix/rgb_matrix.o
                0x0000000000006e94                DUAL_BEACON
 .text.RAINBOW_BEACON
                0x0000000000006ea0        0xc .build/obj_massdrop_ctrl_default/quantum/rgb_matrix/rgb_matrix.o
                0x0000000000006ea0                RAINBOW_BEACON
 .text.RAINBOW_PINWHEELS
                0x0000000000006eac        0xc .build/obj_massdrop_ctrl_default/quantum/rgb_matrix/rgb_matrix.o
                0x0000000000006eac                RAINBOW_PINWHEELS
 .text.effect_runner_reactive
                0x0000000000006eb8       0xec .build/obj_massdrop_ctrl_default/quantum/rgb_matrix/rgb_matrix.o
                0x0000000000006eb8                effect_runner_reactive
 .text.SOLID_REACTIVE_SIMPLE
                0x0000000000006fa4        0xc .build/obj_massdrop_ctrl_default/quantum/rgb_matrix/rgb_matrix.o
                0x0000000000006fa4                SOLID_REACTIVE_SIMPLE
 .text.SOLID_REACTIVE
                0x0000000000006fb0        0xc .build/obj_massdrop_ctrl_default/quantum/rgb_matrix/rgb_matrix.o
                0x0000000000006fb0                SOLID_REACTIVE
 .text.effect_runner_reactive_splash
                0x0000000000006fbc      0x144 .build/obj_massdrop_ctrl_default/quantum/rgb_matrix/rgb_matrix.o
                0x0000000000006fbc                effect_runner_reactive_splash
 .text.SOLID_REACTIVE_WIDE
                0x0000000000007100       0x20 .build/obj_massdrop_ctrl_default/quantum/rgb_matrix/rgb_matrix.o
                0x0000000000007100                SOLID_REACTIVE_WIDE
 .text.SOLID_REACTIVE_MULTIWIDE
                0x0000000000007120       0x10 .build/obj_massdrop_ctrl_default/quantum/rgb_matrix/rgb_matrix.o
                0x0000000000007120                SOLID_REACTIVE_MULTIWIDE
 .text.SOLID_REACTIVE_CROSS
                0x0000000000007130       0x20 .build/obj_massdrop_ctrl_default/quantum/rgb_matrix/rgb_matrix.o
                0x0000000000007130                SOLID_REACTIVE_CROSS
 .text.SOLID_REACTIVE_MULTICROSS
                0x0000000000007150       0x10 .build/obj_massdrop_ctrl_default/quantum/rgb_matrix/rgb_matrix.o
                0x0000000000007150                SOLID_REACTIVE_MULTICROSS
 .text.SOLID_REACTIVE_NEXUS
                0x0000000000007160       0x20 .build/obj_massdrop_ctrl_default/quantum/rgb_matrix/rgb_matrix.o
                0x0000000000007160                SOLID_REACTIVE_NEXUS
 .text.SOLID_REACTIVE_MULTINEXUS
                0x0000000000007180       0x10 .build/obj_massdrop_ctrl_default/quantum/rgb_matrix/rgb_matrix.o
                0x0000000000007180                SOLID_REACTIVE_MULTINEXUS
 .text.SPLASH   0x0000000000007190       0x20 .build/obj_massdrop_ctrl_default/quantum/rgb_matrix/rgb_matrix.o
                0x0000000000007190                SPLASH
 .text.MULTISPLASH
                0x00000000000071b0       0x10 .build/obj_massdrop_ctrl_default/quantum/rgb_matrix/rgb_matrix.o
                0x00000000000071b0                MULTISPLASH
 .text.SOLID_SPLASH
                0x00000000000071c0       0x20 .build/obj_massdrop_ctrl_default/quantum/rgb_matrix/rgb_matrix.o
                0x00000000000071c0                SOLID_SPLASH
 .text.SOLID_MULTISPLASH
                0x00000000000071e0       0x10 .build/obj_massdrop_ctrl_default/quantum/rgb_matrix/rgb_matrix.o
                0x00000000000071e0                SOLID_MULTISPLASH
 .text.SOLID_COLOR
                0x00000000000071f0       0x84 .build/obj_massdrop_ctrl_default/quantum/rgb_matrix/rgb_matrix.o
                0x00000000000071f0                SOLID_COLOR
 .text.ALPHAS_MODS
                0x0000000000007274       0xcc .build/obj_massdrop_ctrl_default/quantum/rgb_matrix/rgb_matrix.o
                0x0000000000007274                ALPHAS_MODS
 .text.GRADIENT_UP_DOWN
                0x0000000000007340       0x90 .build/obj_massdrop_ctrl_default/quantum/rgb_matrix/rgb_matrix.o
                0x0000000000007340                GRADIENT_UP_DOWN
 .text.GRADIENT_LEFT_RIGHT
                0x00000000000073d0       0x90 .build/obj_massdrop_ctrl_default/quantum/rgb_matrix/rgb_matrix.o
                0x00000000000073d0                GRADIENT_LEFT_RIGHT
 .text.BREATHING
                0x0000000000007460       0xbc .build/obj_massdrop_ctrl_default/quantum/rgb_matrix/rgb_matrix.o
                0x0000000000007460                BREATHING
 .text.raindrops_set_color.isra.2
                0x000000000000751c       0x74 .build/obj_massdrop_ctrl_default/quantum/rgb_matrix/rgb_matrix.o
 .text.RAINDROPS
                0x0000000000007590       0x7c .build/obj_massdrop_ctrl_default/quantum/rgb_matrix/rgb_matrix.o
                0x0000000000007590                RAINDROPS
 .text.jellybean_raindrops_set_color.isra.3
                0x000000000000760c       0x54 .build/obj_massdrop_ctrl_default/quantum/rgb_matrix/rgb_matrix.o
 .text.JELLYBEAN_RAINDROPS
                0x0000000000007660       0x80 .build/obj_massdrop_ctrl_default/quantum/rgb_matrix/rgb_matrix.o
                0x0000000000007660                JELLYBEAN_RAINDROPS
 .text.HUE_BREATHING
                0x00000000000076e0       0xc4 .build/obj_massdrop_ctrl_default/quantum/rgb_matrix/rgb_matrix.o
                0x00000000000076e0                HUE_BREATHING
 .text.rgb_matrix_set_color_all
                0x00000000000077a4        0xc .build/obj_massdrop_ctrl_default/quantum/rgb_matrix/rgb_matrix.o
                0x00000000000077a4                rgb_matrix_set_color_all
 .text.process_rgb_matrix
                0x00000000000077b0       0xd0 .build/obj_massdrop_ctrl_default/quantum/rgb_matrix/rgb_matrix.o
                0x00000000000077b0                process_rgb_matrix
 .text.rgb_matrix_indicators_kb
                0x0000000000007880        0x2 .build/obj_massdrop_ctrl_default/quantum/rgb_matrix/rgb_matrix.o
                0x0000000000007880                rgb_matrix_indicators_kb
 .text.rgb_matrix_indicators_user
                0x0000000000007882        0x2 .build/obj_massdrop_ctrl_default/quantum/rgb_matrix/rgb_matrix.o
                0x0000000000007882                rgb_matrix_indicators_user
 .text.rgb_matrix_indicators
                0x0000000000007884        0xc .build/obj_massdrop_ctrl_default/quantum/rgb_matrix/rgb_matrix.o
                0x0000000000007884                rgb_matrix_indicators
 .text.rgb_matrix_indicators_advanced_user
                0x0000000000007890        0x2 .build/obj_massdrop_ctrl_default/quantum/rgb_matrix/rgb_matrix.o
                0x0000000000007890                rgb_matrix_indicators_advanced_user
 .text.rgb_matrix_indicators_advanced
                0x0000000000007892       0x28 .build/obj_massdrop_ctrl_default/quantum/rgb_matrix/rgb_matrix.o
                0x0000000000007892                rgb_matrix_indicators_advanced
 *fill*         0x00000000000078ba        0x2 
 .text.rgb_matrix_task
                0x00000000000078bc      0x4c0 .build/obj_massdrop_ctrl_default/quantum/rgb_matrix/rgb_matrix.o
                0x00000000000078bc                rgb_matrix_task
 .text.rgb_matrix_init
                0x0000000000007d7c       0xbc .build/obj_massdrop_ctrl_default/quantum/rgb_matrix/rgb_matrix.o
                0x0000000000007d7c                rgb_matrix_init
 .text.rgb_matrix_toggle_eeprom_helper
                0x0000000000007e38       0x28 .build/obj_massdrop_ctrl_default/quantum/rgb_matrix/rgb_matrix.o
                0x0000000000007e38                rgb_matrix_toggle_eeprom_helper
 .text.rgb_matrix_toggle
                0x0000000000007e60        0x6 .build/obj_massdrop_ctrl_default/quantum/rgb_matrix/rgb_matrix.o
                0x0000000000007e60                rgb_matrix_toggle
 *fill*         0x0000000000007e66        0x2 
 .text.rgb_matrix_enable_noeeprom
                0x0000000000007e68       0x24 .build/obj_massdrop_ctrl_default/quantum/rgb_matrix/rgb_matrix.o
                0x0000000000007e68                rgb_matrix_enable_noeeprom
 .text.rgb_matrix_disable_noeeprom
                0x0000000000007e8c       0x20 .build/obj_massdrop_ctrl_default/quantum/rgb_matrix/rgb_matrix.o
                0x0000000000007e8c                rgb_matrix_disable_noeeprom
 .text.rgb_matrix_mode_eeprom_helper
                0x0000000000007eac       0x38 .build/obj_massdrop_ctrl_default/quantum/rgb_matrix/rgb_matrix.o
                0x0000000000007eac                rgb_matrix_mode_eeprom_helper
 .text.rgb_matrix_mode
                0x0000000000007ee4        0x6 .build/obj_massdrop_ctrl_default/quantum/rgb_matrix/rgb_matrix.o
                0x0000000000007ee4                rgb_matrix_mode
 *fill*         0x0000000000007eea        0x2 
 .text.rgb_matrix_step_helper
                0x0000000000007eec       0x1c .build/obj_massdrop_ctrl_default/quantum/rgb_matrix/rgb_matrix.o
                0x0000000000007eec                rgb_matrix_step_helper
 .text.rgb_matrix_step
                0x0000000000007f08        0x6 .build/obj_massdrop_ctrl_default/quantum/rgb_matrix/rgb_matrix.o
                0x0000000000007f08                rgb_matrix_step
 *fill*         0x0000000000007f0e        0x2 
 .text.rgb_matrix_step_reverse_helper
                0x0000000000007f10       0x20 .build/obj_massdrop_ctrl_default/quantum/rgb_matrix/rgb_matrix.o
                0x0000000000007f10                rgb_matrix_step_reverse_helper
 .text.rgb_matrix_step_reverse
                0x0000000000007f30        0x6 .build/obj_massdrop_ctrl_default/quantum/rgb_matrix/rgb_matrix.o
                0x0000000000007f30                rgb_matrix_step_reverse
 *fill*         0x0000000000007f36        0x2 
 .text.rgb_matrix_sethsv_eeprom_helper
                0x0000000000007f38       0x24 .build/obj_massdrop_ctrl_default/quantum/rgb_matrix/rgb_matrix.o
                0x0000000000007f38                rgb_matrix_sethsv_eeprom_helper
 .text.rgb_matrix_increase_hue_helper
                0x0000000000007f5c       0x1c .build/obj_massdrop_ctrl_default/quantum/rgb_matrix/rgb_matrix.o
                0x0000000000007f5c                rgb_matrix_increase_hue_helper
 .text.rgb_matrix_increase_hue
                0x0000000000007f78        0x6 .build/obj_massdrop_ctrl_default/quantum/rgb_matrix/rgb_matrix.o
                0x0000000000007f78                rgb_matrix_increase_hue
 *fill*         0x0000000000007f7e        0x2 
 .text.rgb_matrix_decrease_hue_helper
                0x0000000000007f80       0x1c .build/obj_massdrop_ctrl_default/quantum/rgb_matrix/rgb_matrix.o
                0x0000000000007f80                rgb_matrix_decrease_hue_helper
 .text.rgb_matrix_decrease_hue
                0x0000000000007f9c        0x6 .build/obj_massdrop_ctrl_default/quantum/rgb_matrix/rgb_matrix.o
                0x0000000000007f9c                rgb_matrix_decrease_hue
 *fill*         0x0000000000007fa2        0x2 
 .text.rgb_matrix_increase_sat_helper
                0x0000000000007fa4       0x24 .build/obj_massdrop_ctrl_default/quantum/rgb_matrix/rgb_matrix.o
                0x0000000000007fa4                rgb_matrix_increase_sat_helper
 .text.rgb_matrix_increase_sat
                0x0000000000007fc8        0x6 .build/obj_massdrop_ctrl_default/quantum/rgb_matrix/rgb_matrix.o
                0x0000000000007fc8                rgb_matrix_increase_sat
 *fill*         0x0000000000007fce        0x2 
 .text.rgb_matrix_decrease_sat_helper
                0x0000000000007fd0       0x20 .build/obj_massdrop_ctrl_default/quantum/rgb_matrix/rgb_matrix.o
                0x0000000000007fd0                rgb_matrix_decrease_sat_helper
 .text.rgb_matrix_decrease_sat
                0x0000000000007ff0        0x6 .build/obj_massdrop_ctrl_default/quantum/rgb_matrix/rgb_matrix.o
                0x0000000000007ff0                rgb_matrix_decrease_sat
 *fill*         0x0000000000007ff6        0x2 
 .text.rgb_matrix_increase_val_helper
                0x0000000000007ff8       0x24 .build/obj_massdrop_ctrl_default/quantum/rgb_matrix/rgb_matrix.o
                0x0000000000007ff8                rgb_matrix_increase_val_helper
 .text.rgb_matrix_increase_val
                0x000000000000801c        0x6 .build/obj_massdrop_ctrl_default/quantum/rgb_matrix/rgb_matrix.o
                0x000000000000801c                rgb_matrix_increase_val
 *fill*         0x0000000000008022        0x2 
 .text.rgb_matrix_decrease_val_helper
                0x0000000000008024       0x20 .build/obj_massdrop_ctrl_default/quantum/rgb_matrix/rgb_matrix.o
                0x0000000000008024                rgb_matrix_decrease_val_helper
 .text.rgb_matrix_decrease_val
                0x0000000000008044        0x6 .build/obj_massdrop_ctrl_default/quantum/rgb_matrix/rgb_matrix.o
                0x0000000000008044                rgb_matrix_decrease_val
 *fill*         0x000000000000804a        0x2 
 .text.rgb_matrix_set_speed_eeprom_helper
                0x000000000000804c       0x18 .build/obj_massdrop_ctrl_default/quantum/rgb_matrix/rgb_matrix.o
                0x000000000000804c                rgb_matrix_set_speed_eeprom_helper
 .text.rgb_matrix_increase_speed_helper
                0x0000000000008064       0x18 .build/obj_massdrop_ctrl_default/quantum/rgb_matrix/rgb_matrix.o
                0x0000000000008064                rgb_matrix_increase_speed_helper
 .text.rgb_matrix_increase_speed
                0x000000000000807c        0x6 .build/obj_massdrop_ctrl_default/quantum/rgb_matrix/rgb_matrix.o
                0x000000000000807c                rgb_matrix_increase_speed
 *fill*         0x0000000000008082        0x2 
 .text.rgb_matrix_decrease_speed_helper
                0x0000000000008084       0x18 .build/obj_massdrop_ctrl_default/quantum/rgb_matrix/rgb_matrix.o
                0x0000000000008084                rgb_matrix_decrease_speed_helper
 .text.rgb_matrix_decrease_speed
                0x000000000000809c        0x6 .build/obj_massdrop_ctrl_default/quantum/rgb_matrix/rgb_matrix.o
                0x000000000000809c                rgb_matrix_decrease_speed
 *fill*         0x00000000000080a2        0x2 
 .text.rgb_matrix_get_flags
                0x00000000000080a4        0xc .build/obj_massdrop_ctrl_default/quantum/rgb_matrix/rgb_matrix.o
                0x00000000000080a4                rgb_matrix_get_flags
 .text.rgb_matrix_set_flags
                0x00000000000080b0        0xc .build/obj_massdrop_ctrl_default/quantum/rgb_matrix/rgb_matrix.o
                0x00000000000080b0                rgb_matrix_set_flags
 .text.handleKeycodeRGB
                0x00000000000080bc        0x6 .build/obj_massdrop_ctrl_default/quantum/process_keycode/process_rgb.o
 *fill*         0x00000000000080c2        0x2 
 .text.process_rgb
                0x00000000000080c4      0x120 .build/obj_massdrop_ctrl_default/quantum/process_keycode/process_rgb.o
                0x00000000000080c4                process_rgb
 .text.process_magic
                0x00000000000081e4      0x248 .build/obj_massdrop_ctrl_default/quantum/process_keycode/process_magic.o
                0x00000000000081e4                process_magic
 .text.process_grave_esc
                0x000000000000842c       0x4c .build/obj_massdrop_ctrl_default/quantum/process_keycode/process_grave_esc.o
                0x000000000000842c                process_grave_esc
 .text.perform_space_cadet
                0x0000000000008478       0xb4 .build/obj_massdrop_ctrl_default/quantum/process_keycode/process_space_cadet.o
                0x0000000000008478                perform_space_cadet
 .text.process_space_cadet
                0x000000000000852c       0xa0 .build/obj_massdrop_ctrl_default/quantum/process_keycode/process_space_cadet.o
                0x000000000000852c                process_space_cadet
 .text.host_set_driver
                0x00000000000085cc        0xc .build/obj_massdrop_ctrl_default/protocol/host.o
                0x00000000000085cc                host_set_driver
 .text.host_keyboard_leds
                0x00000000000085d8       0x10 .build/obj_massdrop_ctrl_default/protocol/host.o
                0x00000000000085d8                host_keyboard_leds
 .text.host_keyboard_send
                0x00000000000085e8       0x10 .build/obj_massdrop_ctrl_default/protocol/host.o
                0x00000000000085e8                host_keyboard_send
 .text.host_system_send
                0x00000000000085f8       0x18 .build/obj_massdrop_ctrl_default/protocol/host.o
                0x00000000000085f8                host_system_send
 .text.host_consumer_send
                0x0000000000008610       0x18 .build/obj_massdrop_ctrl_default/protocol/host.o
                0x0000000000008610                host_consumer_send
 .text.has_anykey
                0x0000000000008628       0x3c .build/obj_massdrop_ctrl_default/protocol/report.o
                0x0000000000008628                has_anykey
 .text.is_key_pressed
                0x0000000000008664       0x50 .build/obj_massdrop_ctrl_default/protocol/report.o
                0x0000000000008664                is_key_pressed
 .text.add_key_byte
                0x00000000000086b4       0x32 .build/obj_massdrop_ctrl_default/protocol/report.o
                0x00000000000086b4                add_key_byte
 .text.del_key_byte
                0x00000000000086e6       0x1a .build/obj_massdrop_ctrl_default/protocol/report.o
                0x00000000000086e6                del_key_byte
 .text.add_key_bit
                0x0000000000008700       0x18 .build/obj_massdrop_ctrl_default/protocol/report.o
                0x0000000000008700                add_key_bit
 .text.del_key_bit
                0x0000000000008718       0x1a .build/obj_massdrop_ctrl_default/protocol/report.o
                0x0000000000008718                del_key_bit
 *fill*         0x0000000000008732        0x2 
 .text.add_key_to_report
                0x0000000000008734       0x34 .build/obj_massdrop_ctrl_default/protocol/report.o
                0x0000000000008734                add_key_to_report
 .text.del_key_from_report
                0x0000000000008768       0x34 .build/obj_massdrop_ctrl_default/protocol/report.o
                0x0000000000008768                del_key_from_report
 .text.clear_keys_from_report
                0x000000000000879c       0x2c .build/obj_massdrop_ctrl_default/protocol/report.o
                0x000000000000879c                clear_keys_from_report
 .text.matrix_power_up
                0x00000000000087c8        0x2 .build/obj_massdrop_ctrl_default/platforms/arm_atsam/suspend.o
                0x00000000000087c8                matrix_power_up
 .text.suspend_power_down
                0x00000000000087ca        0xe .build/obj_massdrop_ctrl_default/platforms/arm_atsam/suspend.o
                0x00000000000087ca                suspend_power_down
 .text.matrix_power_down
                0x00000000000087d8        0x2 .build/obj_massdrop_ctrl_default/platforms/arm_atsam/suspend.o
                0x00000000000087d8                matrix_power_down
 .text.suspend_wakeup_condition
                0x00000000000087da       0x24 .build/obj_massdrop_ctrl_default/platforms/arm_atsam/suspend.o
                0x00000000000087da                suspend_wakeup_condition
 .text.suspend_wakeup_init
                0x00000000000087fe        0xe .build/obj_massdrop_ctrl_default/platforms/arm_atsam/suspend.o
                0x00000000000087fe                suspend_wakeup_init
 .text.timer_read
                0x000000000000880c       0x10 .build/obj_massdrop_ctrl_default/platforms/arm_atsam/timer.o
                0x000000000000880c                timer_read
 .text.timer_read32
                0x000000000000881c        0xc .build/obj_massdrop_ctrl_default/platforms/arm_atsam/timer.o
                0x000000000000881c                timer_read32
 .text.timer_read64
                0x0000000000008828        0xc .build/obj_massdrop_ctrl_default/platforms/arm_atsam/timer.o
                0x0000000000008828                timer_read64
 .text.timer_elapsed
                0x0000000000008834       0x10 .build/obj_massdrop_ctrl_default/platforms/arm_atsam/timer.o
                0x0000000000008834                timer_elapsed
 .text.timer_elapsed32
                0x0000000000008844       0x10 .build/obj_massdrop_ctrl_default/platforms/arm_atsam/timer.o
                0x0000000000008844                timer_elapsed32
 .text.timer_clear
                0x0000000000008854       0x10 .build/obj_massdrop_ctrl_default/platforms/arm_atsam/timer.o
                0x0000000000008854                timer_clear
 .text.timer_init
                0x0000000000008864        0x4 .build/obj_massdrop_ctrl_default/platforms/arm_atsam/timer.o
                0x0000000000008864                timer_init
 .text.bootloader_jump
                0x0000000000008868       0xc0 .build/obj_massdrop_ctrl_default/platforms/arm_atsam/bootloader.o
                0x0000000000008868                bootloader_jump
 .text.ADC0_clock_init
                0x0000000000008928       0x40 .build/obj_massdrop_ctrl_default/protocol/arm_atsam/adc.o
                0x0000000000008928                ADC0_clock_init
 .text.ADC0_init
                0x0000000000008968      0x15c .build/obj_massdrop_ctrl_default/protocol/arm_atsam/adc.o
                0x0000000000008968                ADC0_init
 .text.adc_get  0x0000000000008ac4       0x34 .build/obj_massdrop_ctrl_default/protocol/arm_atsam/adc.o
                0x0000000000008ac4                adc_get
 .text.CLK_oscctrl_init
                0x0000000000008af8      0x16c .build/obj_massdrop_ctrl_default/protocol/arm_atsam/clks.o
                0x0000000000008af8                CLK_oscctrl_init
 .text.CLK_set_gclk_freq
                0x0000000000008c64       0xc0 .build/obj_massdrop_ctrl_default/protocol/arm_atsam/clks.o
                0x0000000000008c64                CLK_set_gclk_freq
 .text.CLK_init_osc
                0x0000000000008d24       0x90 .build/obj_massdrop_ctrl_default/protocol/arm_atsam/clks.o
                0x0000000000008d24                CLK_init_osc
 .text.CLK_reset_time
                0x0000000000008db4       0x88 .build/obj_massdrop_ctrl_default/protocol/arm_atsam/clks.o
                0x0000000000008db4                CLK_reset_time
 .text.TC4_Handler
                0x0000000000008e3c       0x28 .build/obj_massdrop_ctrl_default/protocol/arm_atsam/clks.o
                0x0000000000008e3c                TC4_Handler
 .text.CLK_enable_timebase
                0x0000000000008e64      0x1f4 .build/obj_massdrop_ctrl_default/protocol/arm_atsam/clks.o
                0x0000000000008e64                CLK_enable_timebase
 *fill*         0x0000000000009058        0x8 
 .text.CLK_delay_us
                0x0000000000009060       0x1c .build/obj_massdrop_ctrl_default/protocol/arm_atsam/clks.o
                0x0000000000009060                CLK_delay_us
 .text.CLK_delay_ms
                0x000000000000907c       0x1e .build/obj_massdrop_ctrl_default/protocol/arm_atsam/clks.o
                0x000000000000907c                CLK_delay_ms
 *fill*         0x000000000000909a        0x2 
 .text.clk_enable_sercom_apbmask
                0x000000000000909c       0x3c .build/obj_massdrop_ctrl_default/protocol/arm_atsam/clks.o
                0x000000000000909c                clk_enable_sercom_apbmask
 .text.CLK_set_spi_freq
                0x00000000000090d8       0x8c .build/obj_massdrop_ctrl_default/protocol/arm_atsam/clks.o
                0x00000000000090d8                CLK_set_spi_freq
 .text.CLK_set_i2c0_freq
                0x0000000000009164       0x94 .build/obj_massdrop_ctrl_default/protocol/arm_atsam/clks.o
                0x0000000000009164                CLK_set_i2c0_freq
 .text.CLK_set_i2c1_freq
                0x00000000000091f8       0x94 .build/obj_massdrop_ctrl_default/protocol/arm_atsam/clks.o
                0x00000000000091f8                CLK_set_i2c1_freq
 .text.CLK_init
                0x000000000000928c       0x28 .build/obj_massdrop_ctrl_default/protocol/arm_atsam/clks.o
                0x000000000000928c                CLK_init
 .text.dled_print
                0x00000000000092b4      0x184 .build/obj_massdrop_ctrl_default/protocol/arm_atsam/d51_util.o
                0x00000000000092b4                dled_print
 .text.EIC_7_Handler
                0x0000000000009438       0x14 .build/obj_massdrop_ctrl_default/protocol/arm_atsam/d51_util.o
                0x0000000000009438                EIC_7_Handler
 .text.debug_code_init
                0x000000000000944c       0x9c .build/obj_massdrop_ctrl_default/protocol/arm_atsam/d51_util.o
                0x000000000000944c                debug_code_init
 .text.debug_code_disable
                0x00000000000094e8       0x80 .build/obj_massdrop_ctrl_default/protocol/arm_atsam/d51_util.o
                0x00000000000094e8                debug_code_disable
 .text.i2c0_init
                0x0000000000009568       0xb8 .build/obj_massdrop_ctrl_default/protocol/arm_atsam/i2c_master.o
                0x0000000000009568                i2c0_init
 .text.i2c0_start
                0x0000000000009620       0x28 .build/obj_massdrop_ctrl_default/protocol/arm_atsam/i2c_master.o
                0x0000000000009620                i2c0_start
 .text.i2c0_stop
                0x0000000000009648       0x48 .build/obj_massdrop_ctrl_default/protocol/arm_atsam/i2c_master.o
                0x0000000000009648                i2c0_stop
 .text.i2c0_transmit
                0x0000000000009690       0x3c .build/obj_massdrop_ctrl_default/protocol/arm_atsam/i2c_master.o
                0x0000000000009690                i2c0_transmit
 .text.i2c1_init
                0x00000000000096cc       0xd4 .build/obj_massdrop_ctrl_default/protocol/arm_atsam/i2c_master.o
                0x00000000000096cc                i2c1_init
 .text.i2c1_start
                0x00000000000097a0       0x28 .build/obj_massdrop_ctrl_default/protocol/arm_atsam/i2c_master.o
                0x00000000000097a0                i2c1_start
 .text.i2c1_stop
                0x00000000000097c8       0x48 .build/obj_massdrop_ctrl_default/protocol/arm_atsam/i2c_master.o
                0x00000000000097c8                i2c1_stop
 .text.i2c1_transmit
                0x0000000000009810       0x3c .build/obj_massdrop_ctrl_default/protocol/arm_atsam/i2c_master.o
                0x0000000000009810                i2c1_transmit
 .text.i2c_led_send_CRWL
                0x000000000000984c       0x2c .build/obj_massdrop_ctrl_default/protocol/arm_atsam/i2c_master.o
                0x000000000000984c                i2c_led_send_CRWL
 .text.i2c_led_select_page
                0x0000000000009878       0x28 .build/obj_massdrop_ctrl_default/protocol/arm_atsam/i2c_master.o
                0x0000000000009878                i2c_led_select_page
 .text.i2c_led_send_mode_op_gcr
                0x00000000000098a0       0x34 .build/obj_massdrop_ctrl_default/protocol/arm_atsam/i2c_master.o
                0x00000000000098a0                i2c_led_send_mode_op_gcr
 .text.i2c_led_send_pur_pdr
                0x00000000000098d4       0x2c .build/obj_massdrop_ctrl_default/protocol/arm_atsam/i2c_master.o
                0x00000000000098d4                i2c_led_send_pur_pdr
 .text.I2C3733_Init_Drivers
                0x0000000000009900       0x90 .build/obj_massdrop_ctrl_default/protocol/arm_atsam/i2c_master.o
                0x0000000000009900                I2C3733_Init_Drivers
 .text.I2C_DMAC_LED_Init
                0x0000000000009990       0xd0 .build/obj_massdrop_ctrl_default/protocol/arm_atsam/i2c_master.o
                0x0000000000009990                I2C_DMAC_LED_Init
 .text.I2C3733_Control_Set
                0x0000000000009a60       0x2c .build/obj_massdrop_ctrl_default/protocol/arm_atsam/i2c_master.o
                0x0000000000009a60                I2C3733_Control_Set
 .text.I2C3733_Init_Control
                0x0000000000009a8c       0x3c .build/obj_massdrop_ctrl_default/protocol/arm_atsam/i2c_master.o
                0x0000000000009a8c                I2C3733_Init_Control
 .text.i2c_led_desc_defaults
                0x0000000000009ac8       0x48 .build/obj_massdrop_ctrl_default/protocol/arm_atsam/i2c_master.o
                0x0000000000009ac8                i2c_led_desc_defaults
 .text.i2c_led_prepare_send_dma
                0x0000000000009b10       0x24 .build/obj_massdrop_ctrl_default/protocol/arm_atsam/i2c_master.o
                0x0000000000009b10                i2c_led_prepare_send_dma
 .text.i2c_led_begin_dma
                0x0000000000009b34       0x38 .build/obj_massdrop_ctrl_default/protocol/arm_atsam/i2c_master.o
                0x0000000000009b34                i2c_led_begin_dma
 .text.i2c_led_send_CRWL_dma
                0x0000000000009b6c       0x24 .build/obj_massdrop_ctrl_default/protocol/arm_atsam/i2c_master.o
                0x0000000000009b6c                i2c_led_send_CRWL_dma
 .text.i2c_led_select_page_dma
                0x0000000000009b90       0x20 .build/obj_massdrop_ctrl_default/protocol/arm_atsam/i2c_master.o
                0x0000000000009b90                i2c_led_select_page_dma
 .text.i2c_led_send_GCR_dma
                0x0000000000009bb0       0x28 .build/obj_massdrop_ctrl_default/protocol/arm_atsam/i2c_master.o
                0x0000000000009bb0                i2c_led_send_GCR_dma
 .text.i2c_led_send_pwm_dma
                0x0000000000009bd8       0x38 .build/obj_massdrop_ctrl_default/protocol/arm_atsam/i2c_master.o
                0x0000000000009bd8                i2c_led_send_pwm_dma
 .text.i2c_led_send_onoff_dma
                0x0000000000009c10       0x44 .build/obj_massdrop_ctrl_default/protocol/arm_atsam/i2c_master.o
                0x0000000000009c10                i2c_led_send_onoff_dma
 .text.i2c_led_q_init
                0x0000000000009c54       0x2c .build/obj_massdrop_ctrl_default/protocol/arm_atsam/i2c_master.o
                0x0000000000009c54                i2c_led_q_init
 .text.i2c_led_q_isempty
                0x0000000000009c80       0x18 .build/obj_massdrop_ctrl_default/protocol/arm_atsam/i2c_master.o
                0x0000000000009c80                i2c_led_q_isempty
 .text.i2c_led_q_size
                0x0000000000009c98       0x20 .build/obj_massdrop_ctrl_default/protocol/arm_atsam/i2c_master.o
                0x0000000000009c98                i2c_led_q_size
 .text.i2c_led_q_available
                0x0000000000009cb8        0xe .build/obj_massdrop_ctrl_default/protocol/arm_atsam/i2c_master.o
                0x0000000000009cb8                i2c_led_q_available
 *fill*         0x0000000000009cc6        0x2 
 .text.i2c_led_q_add
                0x0000000000009cc8       0x24 .build/obj_massdrop_ctrl_default/protocol/arm_atsam/i2c_master.o
                0x0000000000009cc8                i2c_led_q_add
 .text.i2c_led_q_s_advance
                0x0000000000009cec       0x1c .build/obj_massdrop_ctrl_default/protocol/arm_atsam/i2c_master.o
                0x0000000000009cec                i2c_led_q_s_advance
 .text.i2c_led_q_request_room
                0x0000000000009d08       0x48 .build/obj_massdrop_ctrl_default/protocol/arm_atsam/i2c_master.o
                0x0000000000009d08                i2c_led_q_request_room
 .text.i2c_led_q_run
                0x0000000000009d50       0xbc .build/obj_massdrop_ctrl_default/protocol/arm_atsam/i2c_master.o
                0x0000000000009d50                i2c_led_q_run
 .text.i2c_init
                0x0000000000009e0c       0x18 .build/obj_massdrop_ctrl_default/protocol/arm_atsam/i2c_master.o
                0x0000000000009e0c                i2c_init
 .text.i2c_transmit
                0x0000000000009e24       0x30 .build/obj_massdrop_ctrl_default/protocol/arm_atsam/i2c_master.o
                0x0000000000009e24                i2c_transmit
 .text.led_set_one
                0x0000000000009e54       0x1c .build/obj_massdrop_ctrl_default/protocol/arm_atsam/md_rgb_matrix.o
 .text.flush    0x0000000000009e70       0xe4 .build/obj_massdrop_ctrl_default/protocol/arm_atsam/md_rgb_matrix.o
 .text.led_set_all
                0x0000000000009f54       0x1c .build/obj_massdrop_ctrl_default/protocol/arm_atsam/md_rgb_matrix.o
 .text.SERCOM1_0_Handler
                0x0000000000009f70       0x14 .build/obj_massdrop_ctrl_default/protocol/arm_atsam/md_rgb_matrix.o
                0x0000000000009f70                SERCOM1_0_Handler
 .text.DMAC_0_Handler
                0x0000000000009f84       0x3c .build/obj_massdrop_ctrl_default/protocol/arm_atsam/md_rgb_matrix.o
                0x0000000000009f84                DMAC_0_Handler
 .text.gcr_compute
                0x0000000000009fc0       0xe8 .build/obj_massdrop_ctrl_default/protocol/arm_atsam/md_rgb_matrix.o
                0x0000000000009fc0                gcr_compute
 .text.issi3733_prepare_arrays
                0x000000000000a0a8       0xe0 .build/obj_massdrop_ctrl_default/protocol/arm_atsam/md_rgb_matrix.o
                0x000000000000a0a8                issi3733_prepare_arrays
 .text.md_rgb_matrix_prepare
                0x000000000000a188       0x24 .build/obj_massdrop_ctrl_default/protocol/arm_atsam/md_rgb_matrix.o
                0x000000000000a188                md_rgb_matrix_prepare
 .text.init     0x000000000000a1ac       0x28 .build/obj_massdrop_ctrl_default/protocol/arm_atsam/md_rgb_matrix.o
 .text.md_rgb_matrix_indicators_advanced
                0x000000000000a1d4       0x7c .build/obj_massdrop_ctrl_default/protocol/arm_atsam/md_rgb_matrix.o
                0x000000000000a1d4                md_rgb_matrix_indicators_advanced
 .text.keyboard_leds
                0x000000000000a250       0x20 .build/obj_massdrop_ctrl_default/protocol/arm_atsam/main_arm_atsam.o
                0x000000000000a250                keyboard_leds
 .text.send_mouse
                0x000000000000a270        0x2 .build/obj_massdrop_ctrl_default/protocol/arm_atsam/main_arm_atsam.o
                0x000000000000a270                send_mouse
 *fill*         0x000000000000a272        0x2 
 .text.send_extra
                0x000000000000a274       0x30 .build/obj_massdrop_ctrl_default/protocol/arm_atsam/main_arm_atsam.o
                0x000000000000a274                send_extra
 .text.send_system
                0x000000000000a2a4        0x8 .build/obj_massdrop_ctrl_default/protocol/arm_atsam/main_arm_atsam.o
                0x000000000000a2a4                send_system
 .text.send_consumer
                0x000000000000a2ac        0x8 .build/obj_massdrop_ctrl_default/protocol/arm_atsam/main_arm_atsam.o
                0x000000000000a2ac                send_consumer
 .text.main_subtask_usb_state
                0x000000000000a2b4       0x90 .build/obj_massdrop_ctrl_default/protocol/arm_atsam/main_arm_atsam.o
                0x000000000000a2b4                main_subtask_usb_state
 *fill*         0x000000000000a344        0x4 
 .text.main_subtask_power_check
                0x000000000000a348       0x8c .build/obj_massdrop_ctrl_default/protocol/arm_atsam/main_arm_atsam.o
                0x000000000000a348                main_subtask_power_check
 .text.main_subtask_usb_extra_device
                0x000000000000a3d4       0x30 .build/obj_massdrop_ctrl_default/protocol/arm_atsam/main_arm_atsam.o
                0x000000000000a3d4                main_subtask_usb_extra_device
 .text.main_subtasks
                0x000000000000a404       0x12 .build/obj_massdrop_ctrl_default/protocol/arm_atsam/main_arm_atsam.o
                0x000000000000a404                main_subtasks
 *fill*         0x000000000000a416        0x2 
 .text.send_keyboard
                0x000000000000a418       0x94 .build/obj_massdrop_ctrl_default/protocol/arm_atsam/main_arm_atsam.o
                0x000000000000a418                send_keyboard
 .text.startup.main
                0x000000000000a4ac      0x120 .build/obj_massdrop_ctrl_default/protocol/arm_atsam/main_arm_atsam.o
                0x000000000000a4ac                main
 .text.shift_out_impl
                0x000000000000a5cc       0x22 .build/obj_massdrop_ctrl_default/protocol/arm_atsam/shift_register.o
                0x000000000000a5cc                shift_out_impl
 *fill*         0x000000000000a5ee        0x2 
 .text.shift_enable
                0x000000000000a5f0       0x18 .build/obj_massdrop_ctrl_default/protocol/arm_atsam/shift_register.o
                0x000000000000a5f0                shift_enable
 .text.shift_disable
                0x000000000000a608       0x18 .build/obj_massdrop_ctrl_default/protocol/arm_atsam/shift_register.o
                0x000000000000a608                shift_disable
 .text.shift_init
                0x000000000000a620        0xe .build/obj_massdrop_ctrl_default/protocol/arm_atsam/shift_register.o
                0x000000000000a620                shift_init
 *fill*         0x000000000000a62e        0x2 
 .text.SR_EXP_WriteData
                0x000000000000a630       0x1c .build/obj_massdrop_ctrl_default/protocol/arm_atsam/shift_register.o
                0x000000000000a630                SR_EXP_WriteData
 .text.SR_EXP_Init
                0x000000000000a64c       0x20 .build/obj_massdrop_ctrl_default/protocol/arm_atsam/shift_register.o
                0x000000000000a64c                SR_EXP_Init
 .text.spi_init
                0x000000000000a66c       0x64 .build/obj_massdrop_ctrl_default/protocol/arm_atsam/spi_master.o
                0x000000000000a66c                spi_init
 .text.spi_start
                0x000000000000a6d0       0x8c .build/obj_massdrop_ctrl_default/protocol/arm_atsam/spi_master.o
                0x000000000000a6d0                spi_start
 .text.spi_transmit
                0x000000000000a75c       0x3c .build/obj_massdrop_ctrl_default/protocol/arm_atsam/spi_master.o
                0x000000000000a75c                spi_transmit
 .text.spi_stop
                0x000000000000a798       0x30 .build/obj_massdrop_ctrl_default/protocol/arm_atsam/spi_master.o
                0x000000000000a798                spi_stop
 .text.Dummy_Handler
                0x000000000000a7c8        0x2 .build/obj_massdrop_ctrl_default/protocol/arm_atsam/startup.o
                0x000000000000a7c8                ICM_Handler
                0x000000000000a7c8                SERCOM0_2_Handler
                0x000000000000a7c8                DebugMon_Handler
                0x000000000000a7c8                EIC_13_Handler
                0x000000000000a7c8                EVSYS_0_Handler
                0x000000000000a7c8                TCC1_3_Handler
                0x000000000000a7c8                DAC_3_Handler
                0x000000000000a7c8                TRNG_Handler
                0x000000000000a7c8                HardFault_Handler
                0x000000000000a7c8                TC2_Handler
                0x000000000000a7c8                PDEC_2_Handler
                0x000000000000a7c8                EIC_4_Handler
                0x000000000000a7c8                AC_Handler
                0x000000000000a7c8                SERCOM3_1_Handler
                0x000000000000a7c8                SysTick_Handler
                0x000000000000a7c8                TCC2_3_Handler
                0x000000000000a7c8                SERCOM3_2_Handler
                0x000000000000a7c8                PendSV_Handler
                0x000000000000a7c8                NMI_Handler
                0x000000000000a7c8                ADC1_1_Handler
                0x000000000000a7c8                EVSYS_3_Handler
                0x000000000000a7c8                PDEC_0_Handler
                0x000000000000a7c8                QSPI_Handler
                0x000000000000a7c8                TCC0_0_Handler
                0x000000000000a7c8                EIC_3_Handler
                0x000000000000a7c8                TAL_0_Handler
                0x000000000000a7c8                DAC_2_Handler
                0x000000000000a7c8                SERCOM0_0_Handler
                0x000000000000a7c8                RTC_Handler
                0x000000000000a7c8                UsageFault_Handler
                0x000000000000a7c8                SERCOM4_0_Handler
                0x000000000000a7c8                EIC_10_Handler
                0x000000000000a7c8                SERCOM0_3_Handler
                0x000000000000a7c8                EIC_11_Handler
                0x000000000000a7c8                EIC_9_Handler
                0x000000000000a7c8                OSC32KCTRL_Handler
                0x000000000000a7c8                TCC2_1_Handler
                0x000000000000a7c8                SUPC_1_Handler
                0x000000000000a7c8                TCC0_5_Handler
                0x000000000000a7c8                TCC0_6_Handler
                0x000000000000a7c8                EVSYS_1_Handler
                0x000000000000a7c8                TCC1_4_Handler
                0x000000000000a7c8                WDT_Handler
                0x000000000000a7c8                EIC_8_Handler
                0x000000000000a7c8                EIC_15_Handler
                0x000000000000a7c8                SERCOM5_0_Handler
                0x000000000000a7c8                TC1_Handler
                0x000000000000a7c8                OSCCTRL_4_Handler
                0x000000000000a7c8                SERCOM4_3_Handler
                0x000000000000a7c8                EIC_12_Handler
                0x000000000000a7c8                DMAC_4_Handler
                0x000000000000a7c8                TCC4_2_Handler
                0x000000000000a7c8                PAC_Handler
                0x000000000000a7c8                TCC1_0_Handler
                0x000000000000a7c8                OSCCTRL_0_Handler
                0x000000000000a7c8                EIC_0_Handler
                0x000000000000a7c8                OSCCTRL_3_Handler
                0x000000000000a7c8                SERCOM4_1_Handler
                0x000000000000a7c8                TC3_Handler
                0x000000000000a7c8                Dummy_Handler
                0x000000000000a7c8                TCC3_0_Handler
                0x000000000000a7c8                TCC2_2_Handler
                0x000000000000a7c8                SERCOM5_1_Handler
                0x000000000000a7c8                TCC1_1_Handler
                0x000000000000a7c8                DMAC_2_Handler
                0x000000000000a7c8                ADC0_0_Handler
                0x000000000000a7c8                SERCOM0_1_Handler
                0x000000000000a7c8                OSCCTRL_2_Handler
                0x000000000000a7c8                ADC1_0_Handler
                0x000000000000a7c8                TCC1_2_Handler
                0x000000000000a7c8                PM_Handler
                0x000000000000a7c8                SERCOM2_3_Handler
                0x000000000000a7c8                DAC_4_Handler
                0x000000000000a7c8                TCC3_2_Handler
                0x000000000000a7c8                TCC0_2_Handler
                0x000000000000a7c8                DMAC_1_Handler
                0x000000000000a7c8                TCC4_0_Handler
                0x000000000000a7c8                TCC2_0_Handler
                0x000000000000a7c8                PDEC_1_Handler
                0x000000000000a7c8                MemManage_Handler
                0x000000000000a7c8                TCC4_1_Handler